Component: Arm Compiler for Embedded 6.18 Tool: armlink [5e4cc100]

==============================================================================

Section Cross References

    startup_stm32f407xx.o(STACK) refers (Special) to heapauxi.o(.text) for __use_two_region_memory
    startup_stm32f407xx.o(HEAP) refers (Special) to heapauxi.o(.text) for __use_two_region_memory
    startup_stm32f407xx.o(RESET) refers (Special) to heapauxi.o(.text) for __use_two_region_memory
    startup_stm32f407xx.o(RESET) refers to startup_stm32f407xx.o(STACK) for __initial_sp
    startup_stm32f407xx.o(RESET) refers to startup_stm32f407xx.o(.text) for Reset_Handler
    startup_stm32f407xx.o(RESET) refers to stm32f4xx_it.o(.text.NMI_Handler) for NMI_Handler
    startup_stm32f407xx.o(RESET) refers to stm32f4xx_it.o(.text.HardFault_Handler) for HardFault_Handler
    startup_stm32f407xx.o(RESET) refers to stm32f4xx_it.o(.text.MemManage_Handler) for MemManage_Handler
    startup_stm32f407xx.o(RESET) refers to stm32f4xx_it.o(.text.BusFault_Handler) for BusFault_Handler
    startup_stm32f407xx.o(RESET) refers to stm32f4xx_it.o(.text.UsageFault_Handler) for UsageFault_Handler
    startup_stm32f407xx.o(RESET) refers to stm32f4xx_it.o(.text.SVC_Handler) for SVC_Handler
    startup_stm32f407xx.o(RESET) refers to stm32f4xx_it.o(.text.DebugMon_Handler) for DebugMon_Handler
    startup_stm32f407xx.o(RESET) refers to stm32f4xx_it.o(.text.PendSV_Handler) for PendSV_Handler
    startup_stm32f407xx.o(RESET) refers to stm32f4xx_it.o(.text.SysTick_Handler) for SysTick_Handler
    startup_stm32f407xx.o(.text) refers (Special) to heapauxi.o(.text) for __use_two_region_memory
    startup_stm32f407xx.o(.text) refers to system_stm32f4xx.o(.text.SystemInit) for SystemInit
    startup_stm32f407xx.o(.text) refers to __main.o(!!!main) for __main
    startup_stm32f407xx.o(.text) refers to startup_stm32f407xx.o(HEAP) for Heap_Mem
    startup_stm32f407xx.o(.text) refers to startup_stm32f407xx.o(STACK) for Stack_Mem
    main.o(.text.main) refers to stm32f4xx_hal.o(.text.HAL_Init) for HAL_Init
    main.o(.text.main) refers to main.o(.text.SystemClock_Config) for SystemClock_Config
    main.o(.text.main) refers to gpio.o(.text.MX_GPIO_Init) for MX_GPIO_Init
    main.o(.text.main) refers to i2c.o(.text.MX_I2C1_Init) for MX_I2C1_Init
    main.o(.text.main) refers to app.o(.text.App) for App
    main.o(.ARM.exidx.text.main) refers to main.o(.text.main) for [Anonymous Symbol]
    main.o(.text.SystemClock_Config) refers to rt_memclr_w.o(.text) for __aeabi_memclr4
    main.o(.text.SystemClock_Config) refers to stm32f4xx_hal_rcc.o(.text.HAL_RCC_OscConfig) for HAL_RCC_OscConfig
    main.o(.text.SystemClock_Config) refers to main.o(.text.Error_Handler) for Error_Handler
    main.o(.text.SystemClock_Config) refers to stm32f4xx_hal_rcc.o(.text.HAL_RCC_ClockConfig) for HAL_RCC_ClockConfig
    main.o(.ARM.exidx.text.SystemClock_Config) refers to main.o(.text.SystemClock_Config) for [Anonymous Symbol]
    main.o(.ARM.exidx.text.Error_Handler) refers to main.o(.text.Error_Handler) for [Anonymous Symbol]
    gpio.o(.ARM.exidx.text.MX_GPIO_Init) refers to gpio.o(.text.MX_GPIO_Init) for [Anonymous Symbol]
    i2c.o(.text.MX_I2C1_Init) refers to i2c.o(.bss.hi2c1) for hi2c1
    i2c.o(.text.MX_I2C1_Init) refers to stm32f4xx_hal_i2c.o(.text.HAL_I2C_Init) for HAL_I2C_Init
    i2c.o(.text.MX_I2C1_Init) refers to main.o(.text.Error_Handler) for Error_Handler
    i2c.o(.ARM.exidx.text.MX_I2C1_Init) refers to i2c.o(.text.MX_I2C1_Init) for [Anonymous Symbol]
    i2c.o(.text.HAL_I2C_MspInit) refers to stm32f4xx_hal_gpio.o(.text.HAL_GPIO_Init) for HAL_GPIO_Init
    i2c.o(.ARM.exidx.text.HAL_I2C_MspInit) refers to i2c.o(.text.HAL_I2C_MspInit) for [Anonymous Symbol]
    i2c.o(.text.HAL_I2C_MspDeInit) refers to stm32f4xx_hal_gpio.o(.text.HAL_GPIO_DeInit) for HAL_GPIO_DeInit
    i2c.o(.ARM.exidx.text.HAL_I2C_MspDeInit) refers to i2c.o(.text.HAL_I2C_MspDeInit) for [Anonymous Symbol]
    stm32f4xx_it.o(.ARM.exidx.text.NMI_Handler) refers to stm32f4xx_it.o(.text.NMI_Handler) for [Anonymous Symbol]
    stm32f4xx_it.o(.ARM.exidx.text.HardFault_Handler) refers to stm32f4xx_it.o(.text.HardFault_Handler) for [Anonymous Symbol]
    stm32f4xx_it.o(.ARM.exidx.text.MemManage_Handler) refers to stm32f4xx_it.o(.text.MemManage_Handler) for [Anonymous Symbol]
    stm32f4xx_it.o(.ARM.exidx.text.BusFault_Handler) refers to stm32f4xx_it.o(.text.BusFault_Handler) for [Anonymous Symbol]
    stm32f4xx_it.o(.ARM.exidx.text.UsageFault_Handler) refers to stm32f4xx_it.o(.text.UsageFault_Handler) for [Anonymous Symbol]
    stm32f4xx_it.o(.ARM.exidx.text.SVC_Handler) refers to stm32f4xx_it.o(.text.SVC_Handler) for [Anonymous Symbol]
    stm32f4xx_it.o(.ARM.exidx.text.DebugMon_Handler) refers to stm32f4xx_it.o(.text.DebugMon_Handler) for [Anonymous Symbol]
    stm32f4xx_it.o(.ARM.exidx.text.PendSV_Handler) refers to stm32f4xx_it.o(.text.PendSV_Handler) for [Anonymous Symbol]
[...]
    $v0                                      0x080092ee   Number         0  basic.o(x$fpl$basic)
    x$fpl$basic                              0x080092ee   Section       24  basic.o(x$fpl$basic)
    $v0                                      0x08009308   Number         0  d2f.o(x$fpl$d2f)
    x$fpl$d2f                                0x08009308   Section       98  d2f.o(x$fpl$d2f)
    $v0                                      0x0800936c   Number         0  daddsub_clz.o(x$fpl$dadd)
    x$fpl$dadd                               0x0800936c   Section      336  daddsub_clz.o(x$fpl$dadd)
    _dadd1                                   0x0800937d   Thumb Code     0  daddsub_clz.o(x$fpl$dadd)
    $v0                                      0x080094bc   Number         0  dcheck1.o(x$fpl$dcheck1)
    x$fpl$dcheck1                            0x080094bc   Section       16  dcheck1.o(x$fpl$dcheck1)
    $v0                                      0x080094cc   Number         0  dcmpi.o(x$fpl$dcmpinf)
    x$fpl$dcmpinf                            0x080094cc   Section       24  dcmpi.o(x$fpl$dcmpinf)
    $v0                                      0x080094e4   Number         0  ddiv.o(x$fpl$ddiv)
    x$fpl$ddiv                               0x080094e4   Section      692  ddiv.o(x$fpl$ddiv)
    ddiv_entry                               0x080094eb   Thumb Code     0  ddiv.o(x$fpl$ddiv)
    $v0                                      0x08009798   Number         0  deqf.o(x$fpl$deqf)
    x$fpl$deqf                               0x08009798   Section      120  deqf.o(x$fpl$deqf)
    $v0                                      0x08009810   Number         0  dfix.o(x$fpl$dfix)
    x$fpl$dfix                               0x08009810   Section       94  dfix.o(x$fpl$dfix)
    $v0                                      0x0800986e   Number         0  dflt_clz.o(x$fpl$dflt)
    x$fpl$dflt                               0x0800986e   Section       46  dflt_clz.o(x$fpl$dflt)
    $v0                                      0x0800989c   Number         0  dleqf.o(x$fpl$dleqf)
    x$fpl$dleqf                              0x0800989c   Section      120  dleqf.o(x$fpl$dleqf)
    $v0                                      0x08009914   Number         0  dmul.o(x$fpl$dmul)
    x$fpl$dmul                               0x08009914   Section      340  dmul.o(x$fpl$dmul)
    $v0                                      0x08009a68   Number         0  dnaninf.o(x$fpl$dnaninf)
    x$fpl$dnaninf                            0x08009a68   Section      156  dnaninf.o(x$fpl$dnaninf)
    $v0                                      0x08009b04   Number         0  dretinf.o(x$fpl$dretinf)
    x$fpl$dretinf                            0x08009b04   Section       12  dretinf.o(x$fpl$dretinf)
    $v0                                      0x08009b10   Number         0  drleqf.o(x$fpl$drleqf)
    x$fpl$drleqf                             0x08009b10   Section      108  drleqf.o(x$fpl$drleqf)
    $v0                                      0x08009b7c   Number         0  daddsub_clz.o(x$fpl$drsb)
    x$fpl$drsb                               0x08009b7c   Section       22  daddsub_clz.o(x$fpl$drsb)
    $v0                                      0x08009b94   Number         0  dsqrt_umaal.o(x$fpl$dsqrt)
    x$fpl$dsqrt                              0x08009b94   Section      408  dsqrt_umaal.o(x$fpl$dsqrt)
    $v0                                      0x08009d2c   Number         0  daddsub_clz.o(x$fpl$dsub)
    x$fpl$dsub                               0x08009d2c   Section      476  daddsub_clz.o(x$fpl$dsub)
    _dsub1                                   0x08009d3d   Thumb Code     0  daddsub_clz.o(x$fpl$dsub)
    $v0                                      0x08009f08   Number         0  f2d.o(x$fpl$f2d)
    x$fpl$f2d                                0x08009f08   Section       86  f2d.o(x$fpl$f2d)
    $v0                                      0x08009f5e   Number         0  fnaninf.o(x$fpl$fnaninf)
    x$fpl$fnaninf                            0x08009f5e   Section      140  fnaninf.o(x$fpl$fnaninf)
    $v0                                      0x08009fea   Number         0  fpinit.o(x$fpl$fpinit)
    x$fpl$fpinit                             0x08009fea   Section       26  fpinit.o(x$fpl$fpinit)
    $v0                                      0x0800a004   Number         0  fretinf.o(x$fpl$fretinf)
    x$fpl$fretinf                            0x0800a004   Section       10  fretinf.o(x$fpl$fretinf)
    $v0                                      0x0800a00e   Number         0  retnan.o(x$fpl$retnan)
    x$fpl$retnan                             0x0800a00e   Section      100  retnan.o(x$fpl$retnan)
    $v0                                      0x0800a072   Number         0  scalbn.o(x$fpl$scalbn)
    x$fpl$scalbn                             0x0800a072   Section       92  scalbn.o(x$fpl$scalbn)
    $v0                                      0x0800a0ce   Number         0  trapv.o(x$fpl$trapveneer)
    x$fpl$trapveneer                         0x0800a0ce   Section       48  trapv.o(x$fpl$trapveneer)
    x$fpl$usenofp                            0x0800a0fe   Section        0  usenofp.o(x$fpl$usenofp)
    pS                                       0x0800a100   Data          48  asin.o(.constdata)
    .constdata                               0x0800a100   Section       80  asin.o(.constdata)
    qS                                       0x0800a130   Data          32  asin.o(.constdata)
    bp                                       0x0800a150   Data          16  pow.o(.constdata)
    .constdata                               0x0800a150   Section      136  pow.o(.constdata)
    dp_h                                     0x0800a160   Data          16  pow.o(.constdata)
    dp_l                                     0x0800a170   Data          16  pow.o(.constdata)
    L                                        0x0800a180   Data          48  pow.o(.constdata)
    P                                        0x0800a1b0   Data          40  pow.o(.constdata)
    atanhi                                   0x0800a1d8   Data          32  atan.o(.constdata)
    .constdata                               0x0800a1d8   Section      152  atan.o(.constdata)
    atanlo                                   0x0800a1f8   Data          32  atan.o(.constdata)
    aTodd                                    0x0800a218   Data          40  atan.o(.constdata)
    aTeven                                   0x0800a240   Data          48  atan.o(.constdata)
    .constdata                               0x0800a270   Section        8  qnan.o(.constdata)
    _DoInit._aInitStr                        0x0800a290   Data          17  segger_rtt.o(.rodata._DoInit._aInitStr)
    [Anonymous Symbol]                       0x0800a290   Section        0  segger_rtt.o(.rodata._DoInit._aInitStr)
    _PrintUnsigned._aV2C                     0x0800a2a1   Data          16  segger_rtt_printf.o(.rodata._PrintUnsigned._aV2C)
    [Anonymous Symbol]                       0x0800a2a1   Section        0  segger_rtt_printf.o(.rodata._PrintUnsigned._aV2C)
    _aTerminalId                             0x0800a2b1   Data          16  segger_rtt.o(.rodata._aTerminalId)
    [Anonymous Symbol]                       0x0800a2b1   Section        0  segger_rtt.o(.rodata._aTerminalId)
    dmp_memory                               0x0800a2c1   Data        3062  inv_mpu_dmp_motion_driver.o(.rodata.dmp_memory)
    [Anonymous Symbol]                       0x0800a2c1   Section        0  inv_mpu_dmp_motion_driver.o(.rodata.dmp_memory)
    .L.str                                   0x0800aedf   Data          42  app.o(.rodata.str1.1)
    [Anonymous Symbol]                       0x0800aedf   Section        0  app.o(.rodata.str1.1)
    .L.str.4                                 0x0800af09   Data          48  app.o(.rodata.str1.1)
    .L.str.7                                 0x0800af39   Data          66  app.o(.rodata.str1.1)
    .L.str.5                                 0x0800af7b   Data          45  app.o(.rodata.str1.1)
    .L.str.6                                 0x0800afa8   Data          49  app.o(.rodata.str1.1)
    .L.str.2                                 0x0800afd9   Data           8  app.o(.rodata.str1.1)
    .L.str.2                                 0x0800afd9   Data           8  app.o(.rodata.str1.1)
    .L.str.3                                 0x0800afe1   Data           5  app.o(.rodata.str1.1)
    .L.str.3                                 0x0800afe1   Data           5  app.o(.rodata.str1.1)
    .L.str.3                                 0x0800afe1   Data           5  app.o(.rodata.str1.1)
    .L.str                                   0x0800afe6   Data          52  mpu6050.o(.rodata.str1.1)
    [Anonymous Symbol]                       0x0800afe6   Section        0  mpu6050.o(.rodata.str1.1)
    .L.str.2                                 0x0800b01a   Data           9  mpu6050.o(.rodata.str1.1)
    .L.str.1                                 0x0800b023   Data           8  mpu6050.o(.rodata.str1.1)
    .L.str.1                                 0x0800b02a   Data           1  mpu6050.o(.rodata.str1.1)
    .L.str.1                                 0x0800b02a   Data           1  mpu6050.o(.rodata.str1.1)
    .L.str                                   0x0800b02b   Data           9  segger_rtt.o(.rodata.str1.1)
    [Anonymous Symbol]                       0x0800b02b   Section        0  segger_rtt.o(.rodata.str1.1)
    .L.str                                   0x0800b034   Data          38  inv_mpu.o(.rodata.str1.1)
    .L.str.7                                 0x0800b034   Data         102  inv_mpu.o(.rodata.str1.1)
    [Anonymous Symbol]                       0x0800b034   Section        0  inv_mpu.o(.rodata.str1.1)
    .L.str.4                                 0x0800b09a   Data          63  inv_mpu.o(.rodata.str1.1)
    .L.str.8                                 0x0800b0d9   Data          55  inv_mpu.o(.rodata.str1.1)
    .L.str.6                                 0x0800b110   Data           9  inv_mpu.o(.rodata.str1.1)
    .L.str.5                                 0x0800b119   Data           8  inv_mpu.o(.rodata.str1.1)
    _acDownBuffer                            0x200000b0   Data          16  segger_rtt.o(.ARM.__at_0x200000B0)
    [Anonymous Symbol]                       0x200000b0   Section        0  segger_rtt.o(.ARM.__at_0x200000B0)
    _acUpBuffer                              0x200000c0   Data        2048  segger_rtt.o(.ARM.__at_0x200000C0)
    [Anonymous Symbol]                       0x200000c0   Section        0  segger_rtt.o(.ARM.__at_0x200000C0)
    gyro_orientation                         0x200008c0   Data           9  inv_mpu.o(.data.gyro_orientation)
    [Anonymous Symbol]                       0x200008c0   Section        0  inv_mpu.o(.data.gyro_orientation)
    st                                       0x200008cc   Data          44  inv_mpu.o(.data.st)
    [Anonymous Symbol]                       0x200008cc   Section        0  inv_mpu.o(.data.st)
    .bss                                     0x20000900   Section       96  libspace.o(.bss)
    _ActiveTerminal                          0x20000960   Data           1  segger_rtt.o(.bss._ActiveTerminal)
    [Anonymous Symbol]                       0x20000960   Section        0  segger_rtt.o(.bss._ActiveTerminal)
    dmp                                      0x20000968   Data          16  inv_mpu_dmp_motion_driver.o(.bss.dmp)
    [Anonymous Symbol]                       0x20000968   Section        0  inv_mpu_dmp_motion_driver.o(.bss.dmp)
    Heap_Mem                                 0x20000a00   Data         512  startup_stm32f407xx.o(HEAP)
    HEAP                                     0x20000a00   Section      512  startup_stm32f407xx.o(HEAP)
    Stack_Mem                                0x20000c00   Data        1024  startup_stm32f407xx.o(STACK)
    STACK                                    0x20000c00   Section     1024  startup_stm32f407xx.o(STACK)
    __initial_sp                             0x20001000   Data           0  startup_stm32f407xx.o(STACK)

    Global Symbols

    Symbol Name                              Value     Ov Type        Size  Object(Section)

    BuildAttributes$$THM_ISAv4$E$P$D$K$B$S$7EM$VFPi3$EXTD16$VFPS$VFMA$PE$A:L22UL41UL21$X:L11$S22US41US21$IEEE1$IW$~IW$USESV6$~STKCKD$USESV7$~SHL$OTIME$ROPI$IEEEX$EBA8$UX$STANDARDLIB$REQ8$PRES8$EABIv2 0x00000000   Number         0  anon$$obj.o ABSOLUTE
    __ARM_exceptions_init                     - Undefined Weak Reference
    __alloca_initialize                       - Undefined Weak Reference
    __arm_preinit_                            - Undefined Weak Reference
    __arm_relocate_pie_                       - Undefined Weak Reference
    __cpp_initialize__aeabi_                  - Undefined Weak Reference
    __cxa_finalize                            - Undefined Weak Reference
    __rt_locale                               - Undefined Weak Reference
    __sigvec_lookup                           - Undefined Weak Reference
    _atexit_init                              - Undefined Weak Reference
    _call_atexit_fns                          - Undefined Weak Reference
    _clock_init                               - Undefined Weak Reference
    _fp_trap_init                             - Undefined Weak Reference
    _fp_trap_shutdown                         - Undefined Weak Reference
    _get_lc_collate                           - Undefined Weak Reference
    _get_lc_ctype                             - Undefined Weak Reference
    _get_lc_monetary                          - Undefined Weak Reference
    _get_lc_numeric                           - Undefined Weak Reference
    _get_lc_time                              - Undefined Weak Reference
    _getenv_init                              - Undefined Weak Reference
    _handle_redirection                       - Undefined Weak Reference
    _init_alloc                               - Undefined Weak Reference
    _init_user_alloc                          - Undefined Weak Reference
    _initio                                   - Undefined Weak Reference
    _rand_init                                - Undefined Weak Reference
    _signal_finish                            - Undefined Weak Reference
    _signal_init                              - Undefined Weak Reference
    _terminate_alloc                          - Undefined Weak Reference
    _terminate_user_alloc                     - Undefined Weak Reference
    _terminateio                              - Undefined Weak Reference
    __Vectors_Size                           0x00000188   Number         0  startup_stm32f407xx.o ABSOLUTE
    __Vectors                                0x08000000   Data           4  startup_stm32f407xx.o(RESET)
    __Vectors_End                            0x08000188   Data           0  startup_stm32f407xx.o(RESET)
    __main                                   0x08000189   Thumb Code     8  __main.o(!!!main)
    __scatterload                            0x08000191   Thumb Code     0  __scatter.o(!!!scatter)
    __scatterload_rt2                        0x08000191   Thumb Code    44  __scatter.o(!!!scatter)
    __scatterload_rt2_thumb_only             0x08000191   Thumb Code     0  __scatter.o(!!!scatter)
    __scatterload_null                       0x0800019f   Thumb Code     0  __scatter.o(!!!scatter)
    __decompress                             0x080001c5   Thumb Code    58  __dczerorl.o(!!dczerorl)
    __decompress0                            0x080001c5   Thumb Code     0  __dczerorl.o(!!dczerorl)
    __scatterload_zeroinit                   0x08000201   Thumb Code    28  __scatter_zi.o(!!handler_zi)
    __rt_lib_init                            0x0800021d   Thumb Code     0  libinit.o(.ARM.Collect$$libinit$$00000000)
    __rt_lib_init_fp_1                       0x0800021f   Thumb Code     0  libinit2.o(.ARM.Collect$$libinit$$00000001)
    __rt_lib_init_alloca_1                   0x08000223   Thumb Code     0  libinit2.o(.ARM.Collect$$libinit$$00000030)
    __rt_lib_init_argv_1                     0x08000223   Thumb Code     0  libinit2.o(.ARM.Collect$$libinit$$0000002E)
    __rt_lib_init_atexit_1                   0x08000223   Thumb Code     0  libinit2.o(.ARM.Collect$$libinit$$0000001D)
    __rt_lib_init_clock_1                    0x08000223   Thumb Code     0  libinit2.o(.ARM.Collect$$libinit$$00000023)
    __rt_lib_init_cpp_1                      0x08000223   Thumb Code     0  libinit2.o(.ARM.Collect$$libinit$$00000034)
    __rt_lib_init_exceptions_1               0x08000223   Thumb Code     0  libinit2.o(.ARM.Collect$$libinit$$00000032)
    __rt_lib_init_fp_trap_1                  0x08000223   Thumb Code     0  libinit2.o(.ARM.Collect$$libinit$$00000021)
    __rt_lib_init_getenv_1                   0x08000223   Thumb Code     0  libinit2.o(.ARM.Collect$$libinit$$00000025)
    __rt_lib_init_heap_1                     0x08000223   Thumb Code     0  libinit2.o(.ARM.Collect$$libinit$$0000000C)
    __rt_lib_init_lc_collate_1               0x08000223   Thumb Code     0  libinit2.o(.ARM.Collect$$libinit$$00000013)
    __rt_lib_init_lc_ctype_1                 0x08000223   Thumb Code     0  libinit2.o(.ARM.Collect$$libinit$$00000015)
    __rt_lib_init_lc_monetary_1              0x08000223   Thumb Code     0  libinit2.o(.ARM.Collect$$libinit$$00000017)
    __rt_lib_init_lc_numeric_1               0x08000223   Thumb Code     0  libinit2.o(.ARM.Collect$$libinit$$00000019)
    __rt_lib_init_lc_time_1                  0x08000223   Thumb Code     0  libinit2.o(.ARM.Collect$$libinit$$0000001B)
    __rt_lib_init_preinit_1                  0x08000223   Thumb Code     0  libinit2.o(.ARM.Collect$$libinit$$00000006)
    __rt_lib_init_rand_1                     0x08000223   Thumb Code     0  libinit2.o(.ARM.Collect$$libinit$$00000010)
    __rt_lib_init_relocate_pie_1             0x08000223   Thumb Code     0  libinit2.o(.ARM.Collect$$libinit$$00000004)
    __rt_lib_init_return                     0x08000223   Thumb Code     0  libinit2.o(.ARM.Collect$$libinit$$00000035)
    __rt_lib_init_signal_1                   0x08000223   Thumb Code     0  libinit2.o(.ARM.Collect$$libinit$$0000001F)
    __rt_lib_init_stdio_1                    0x08000223   Thumb Code     0  libinit2.o(.ARM.Collect$$libinit$$00000027)
    __rt_lib_init_user_alloc_1               0x08000223   Thumb Code     0  libinit2.o(.ARM.Collect$$libinit$$0000000E)
    __rt_lib_shutdown                        0x08000225   Thumb Code     0  libshutdown.o(.ARM.Collect$$libshutdown$$00000000)
    __rt_lib_shutdown_cpp_1                  0x08000227   Thumb Code     0  libshutdown2.o(.ARM.Collect$$libshutdown$$00000002)
    __rt_lib_shutdown_fp_trap_1              0x08000227   Thumb Code     0  libshutdown2.o(.ARM.Collect$$libshutdown$$00000007)
    __rt_lib_shutdown_heap_1                 0x08000227   Thumb Code     0  libshutdown2.o(.ARM.Collect$$libshutdown$$0000000F)
    __rt_lib_shutdown_return                 0x08000227   Thumb Code     0  libshutdown2.o(.ARM.Collect$$libshutdown$$00000010)
    __rt_lib_shutdown_signal_1               0x08000227   Thumb Code     0  libshutdown2.o(.ARM.Collect$$libshutdown$$0000000A)
    __rt_lib_shutdown_stdio_1                0x08000227   Thumb Code     0  libshutdown2.o(.ARM.Collect$$libshutdown$$00000004)
    __rt_lib_shutdown_user_alloc_1           0x08000227   Thumb Code     0  libshutdown2.o(.ARM.Collect$$libshutdown$$0000000C)
    __rt_entry                               0x08000229   Thumb Code     0  __rtentry.o(.ARM.Collect$$rtentry$$00000000)
    __rt_entry_presh_1                       0x08000229   Thumb Code     0  __rtentry2.o(.ARM.Collect$$rtentry$$00000002)
    __rt_entry_sh                            0x08000229   Thumb Code     0  __rtentry4.o(.ARM.Collect$$rtentry$$00000004)
    __rt_entry_li                            0x0800022f   Thumb Code     0  __rtentry2.o(.ARM.Collect$$rtentry$$0000000A)
    __rt_entry_postsh_1                      0x0800022f   Thumb Code     0  __rtentry2.o(.ARM.Collect$$rtentry$$00000009)
    __rt_entry_main                          0x08000233   Thumb Code     0  __rtentry2.o(.ARM.Collect$$rtentry$$0000000D)
    __rt_entry_postli_1                      0x08000233   Thumb Code     0  __rtentry2.o(.ARM.Collect$$rtentry$$0000000C)
    __rt_exit                                0x0800023b   Thumb Code     0  rtexit.o(.ARM.Collect$$rtexit$$00000000)
    __rt_exit_ls                             0x0800023d   Thumb Code     0  rtexit2.o(.ARM.Collect$$rtexit$$00000003)
    __rt_exit_prels_1                        0x0800023d   Thumb Code     0  rtexit2.o(.ARM.Collect$$rtexit$$00000002)
    __rt_exit_exit                           0x08000241   Thumb Code     0  rtexit2.o(.ARM.Collect$$rtexit$$00000004)
    Reset_Handler                            0x08000249   Thumb Code     8  startup_stm32f407xx.o(.text)
    ADC_IRQHandler                           0x08000263   Thumb Code     0  startup_stm32f407xx.o(.text)
    CAN1_RX0_IRQHandler                      0x08000263   Thumb Code     0  startup_stm32f407xx.o(.text)
    CAN1_RX1_IRQHandler                      0x08000263   Thumb Code     0  startup_stm32f407xx.o(.text)
    CAN1_SCE_IRQHandler                      0x08000263   Thumb Code     0  startup_stm32f407xx.o(.text)
    CAN1_TX_IRQHandler                       0x08000263   Thumb Code     0  startup_stm32f407xx.o(.text)
    CAN2_RX0_IRQHandler                      0x08000263   Thumb Code     0  startup_stm32f407xx.o(.text)
    CAN2_RX1_IRQHandler                      0x08000263   Thumb Code     0  startup_stm32f407xx.o(.text)
    CAN2_SCE_IRQHandler                      0x08000263   Thumb Code     0  startup_stm32f407xx.o(.text)
    CAN2_TX_IRQHandler                       0x08000263   Thumb Code     0  startup_stm32f407xx.o(.text)
    DCMI_IRQHandler                          0x08000263   Thumb Code     0  startup_stm32f407xx.o(.text)
    DMA1_Stream0_IRQHandler                  0x08000263   Thumb Code     0  startup_stm32f407xx.o(.text)
    DMA1_Stream1_IRQHandler                  0x08000263   Thumb Code     0  startup_stm32f407xx.o(.text)
    DMA1_Stream2_IRQHandler                  0x08000263   Thumb Code     0  startup_stm32f407xx.o(.text)
    DMA1_Stream3_IRQHandler                  0x08000263   Thumb Code     0  startup_stm32f407xx.o(.text)
    DMA1_Stream4_IRQHandler                  0x08000263   Thumb Code     0  startup_stm32f407xx.o(.text)
    DMA1_Stream5_IRQHandler                  0x08000263   Thumb Code     0  startup_stm32f407xx.o(.text)
    DMA1_Stream6_IRQHandler                  0x08000263   Thumb Code     0  startup_stm32f407xx.o(.text)
    DMA1_Stream7_IRQHandler                  0x08000263   Thumb Code     0  startup_stm32f407xx.o(.text)
    DMA2_Stream0_IRQHandler                  0x08000263   Thumb Code     0  startup_stm32f407xx.o(.text)
    DMA2_Stream1_IRQHandler                  0x08000263   Thumb Code     0  startup_stm32f407xx.o(.text)
    DMA2_Stream2_IRQHandler                  0x08000263   Thumb Code     0  startup_stm32f407xx.o(.text)
    DMA2_Stream3_IRQHandler                  0x08000263   Thumb Code     0  startup_stm32f407xx.o(.text)
    DMA2_Stream4_IRQHandler                  0x08000263   Thumb Code     0  startup_stm32f407xx.o(.text)
    DMA2_Stream5_IRQHandler                  0x08000263   Thumb Code     0  startup_stm32f407xx.o(.text)
    DMA2_Stream6_IRQHandler                  0x08000263   Thumb Code     0  startup_stm32f407xx.o(.text)
    DMA2_Stream7_IRQHandler                  0x08000263   Thumb Code     0  startup_stm32f407xx.o(.text)
    ETH_IRQHandler                           0x08000263   Thumb Code     0  startup_stm32f407xx.o(.text)
    ETH_WKUP_IRQHandler                      0x08000263   Thumb Code     0  startup_stm32f407xx.o(.text)
    EXTI0_IRQHandler                         0x08000263   Thumb Code     0  startup_stm32f407xx.o(.text)
    EXTI15_10_IRQHandler                     0x08000263   Thumb Code     0  startup_stm32f407xx.o(.text)
    EXTI1_IRQHandler                         0x08000263   Thumb Code     0  startup_stm32f407xx.o(.text)
    EXTI2_IRQHandler                         0x08000263   Thumb Code     0  startup_stm32f407xx.o(.text)
    EXTI3_IRQHandler                         0x08000263   Thumb Code     0  startup_stm32f407xx.o(.text)
    EXTI4_IRQHandler                         0x08000263   Thumb Code     0  startup_stm32f407xx.o(.text)
    EXTI9_5_IRQHandler                       0x08000263   Thumb Code     0  startup_stm32f407xx.o(.text)
    FLASH_IRQHandler                         0x08000263   Thumb Code     0  startup_stm32f407xx.o(.text)
    FMC_IRQHandler                           0x08000263   Thumb Code     0  startup_stm32f407xx.o(.text)
    FPU_IRQHandler                           0x08000263   Thumb Code     0  startup_stm32f407xx.o(.text)
    HASH_RNG_IRQHandler                      0x08000263   Thumb Code     0  startup_stm32f407xx.o(.text)
    I2C1_ER_IRQHandler                       0x08000263   Thumb Code     0  startup_stm32f407xx.o(.text)
    I2C1_EV_IRQHandler                       0x08000263   Thumb Code     0  startup_stm32f407xx.o(.text)
    I2C2_ER_IRQHandler                       0x08000263   Thumb Code     0  startup_stm32f407xx.o(.text)
    I2C2_EV_IRQHandler                       0x08000263   Thumb Code     0  startup_stm32f407xx.o(.text)
    I2C3_ER_IRQHandler                       0x08000263   Thumb Code     0  startup_stm32f407xx.o(.text)
    I2C3_EV_IRQHandler                       0x08000263   Thumb Code     0  startup_stm32f407xx.o(.text)
    OTG_FS_IRQHandler                        0x08000263   Thumb Code     0  startup_stm32f407xx.o(.text)
    OTG_FS_WKUP_IRQHandler                   0x08000263   Thumb Code     0  startup_stm32f407xx.o(.text)
    OTG_HS_EP1_IN_IRQHandler                 0x08000263   Thumb Code     0  startup_stm32f407xx.o(.text)
    OTG_HS_EP1_OUT_IRQHandler                0x08000263   Thumb Code     0  startup_stm32f407xx.o(.text)
    OTG_HS_IRQHandler                        0x08000263   Thumb Code     0  startup_stm32f407xx.o(.text)
    OTG_HS_WKUP_IRQHandler                   0x08000263   Thumb Code     0  startup_stm32f407xx.o(.text)
    PVD_IRQHandler                           0x08000263   Thumb Code     0  startup_stm32f407xx.o(.text)
    RCC_IRQHandler                           0x08000263   Thumb Code     0  startup_stm32f407xx.o(.text)
    RTC_Alarm_IRQHandler                     0x08000263   Thumb Code     0  startup_stm32f407xx.o(.text)
    RTC_WKUP_IRQHandler                      0x08000263   Thumb Code     0  startup_stm32f407xx.o(.text)
    SDIO_IRQHandler                          0x08000263   Thumb Code     0  startup_stm32f407xx.o(.text)
    SPI1_IRQHandler                          0x08000263   Thumb Code     0  startup_stm32f407xx.o(.text)
    SPI2_IRQHandler                          0x08000263   Thumb Code     0  startup_stm32f407xx.o(.text)
    SPI3_IRQHandler                          0x08000263   Thumb Code     0  startup_stm32f407xx.o(.text)
    TAMP_STAMP_IRQHandler                    0x08000263   Thumb Code     0  startup_stm32f407xx.o(.text)
    TIM1_BRK_TIM9_IRQHandler                 0x08000263   Thumb Code     0  startup_stm32f407xx.o(.text)
    TIM1_CC_IRQHandler                       0x08000263   Thumb Code     0  startup_stm32f407xx.o(.text)
    TIM1_TRG_COM_TIM11_IRQHandler            0x08000263   Thumb Code     0  startup_stm32f407xx.o(.text)
    TIM1_UP_TIM10_IRQHandler                 0x08000263   Thumb Code     0  startup_stm32f407xx.o(.text)
    TIM2_IRQHandler                          0x08000263   Thumb Code     0  startup_stm32f407xx.o(.text)
    TIM3_IRQHandler                          0x08000263   Thumb Code     0  startup_stm32f407xx.o(.text)
    TIM4_IRQHandler                          0x08000263   Thumb Code     0  startup_stm32f407xx.o(.text)
    TIM5_IRQHandler                          0x08000263   Thumb Code     0  startup_stm32f407xx.o(.text)
    TIM6_DAC_IRQHandler                      0x08000263   Thumb Code     0  startup_stm32f407xx.o(.text)
    TIM7_IRQHandler                          0x08000263   Thumb Code     0  startup_stm32f407xx.o(.text)
    TIM8_BRK_TIM12_IRQHandler                0x08000263   Thumb Code     0  startup_stm32f407xx.o(.text)
    TIM8_CC_IRQHandler                       0x08000263   Thumb Code     0  startup_stm32f407xx.o(.text)
    TIM8_TRG_COM_TIM14_IRQHandler            0x08000263   Thumb Code     0  startup_stm32f407xx.o(.text)
    TIM8_UP_TIM13_IRQHandler                 0x08000263   Thumb Code     0  startup_stm32f407xx.o(.text)
    UART4_IRQHandler                         0x08000263   Thumb Code     0  startup_stm32f407xx.o(.text)
    UART5_IRQHandler                         0x08000263   Thumb Code     0  startup_stm32f407xx.o(.text)
    USART1_IRQHandler                        0x08000263   Thumb Code     0  startup_stm32f407xx.o(.text)
    USART2_IRQHandler                        0x08000263   Thumb Code     0  startup_stm32f407xx.o(.text)
    USART3_IRQHandler                        0x08000263   Thumb Code     0  startup_stm32f407xx.o(.text)
    USART6_IRQHandler                        0x08000263   Thumb Code     0  startup_stm32f407xx.o(.text)
    WWDG_IRQHandler                          0x08000263   Thumb Code     0  startup_stm32f407xx.o(.text)
    __user_initial_stackheap                 0x08000265   Thumb Code     0  startup_stm32f407xx.o(.text)
    __aeabi_uldivmod                         0x08000289   Thumb Code     0  lludivv7m.o(.text)
    _ll_udiv                                 0x08000289   Thumb Code   240  lludivv7m.o(.text)
    __aeabi_ldivmod                          0x08000379   Thumb Code     0  llsdiv.o(.text)
    _ll_sdiv                                 0x08000379   Thumb Code   116  llsdiv.o(.text)
    labs                                     0x080003ed   Thumb Code     8  labs.o(.text)
    memcmp                                   0x080003f5   Thumb Code    88  memcmp.o(.text)
    __aeabi_memcpy                           0x0800044d   Thumb Code     0  rt_memcpy_v6.o(.text)
    __rt_memcpy                              0x0800044d   Thumb Code   138  rt_memcpy_v6.o(.text)
    _memcpy_lastbytes                        0x080004b3   Thumb Code     0  rt_memcpy_v6.o(.text)
    __aeabi_memclr4                          0x080004d7   Thumb Code     0  rt_memclr_w.o(.text)
    __aeabi_memclr8                          0x080004d7   Thumb Code     0  rt_memclr_w.o(.text)
    __rt_memclr_w                            0x080004d7   Thumb Code     0  rt_memclr_w.o(.text)
    _memset_w                                0x080004db   Thumb Code    74  rt_memclr_w.o(.text)
    __use_two_region_memory                  0x08000525   Thumb Code     2  heapauxi.o(.text)
    __rt_heap_escrow$2region                 0x08000527   Thumb Code     2  heapauxi.o(.text)
    __rt_heap_expand$2region                 0x08000529   Thumb Code     2  heapauxi.o(.text)
    __read_errno                             0x0800052b   Thumb Code    10  _rserrno.o(.text)
    __set_errno                              0x08000535   Thumb Code    12  _rserrno.o(.text)
    __aeabi_memcpy4                          0x08000541   Thumb Code     0  rt_memcpy_w.o(.text)
    __aeabi_memcpy8                          0x08000541   Thumb Code     0  rt_memcpy_w.o(.text)
    __rt_memcpy_w                            0x08000541   Thumb Code   100  rt_memcpy_w.o(.text)
    _memcpy_lastbytes_aligned                0x08000589   Thumb Code     0  rt_memcpy_w.o(.text)
    __aeabi_errno_addr                       0x080005a5   Thumb Code     8  rt_errno_addr_intlibspace.o(.text)
    __errno$intlibspace                      0x080005a5   Thumb Code     0  rt_errno_addr_intlibspace.o(.text)
    __rt_errno_addr$intlibspace              0x080005a5   Thumb Code     0  rt_errno_addr_intlibspace.o(.text)
    __user_libspace                          0x080005ad   Thumb Code     8  libspace.o(.text)
    __user_perproc_libspace                  0x080005ad   Thumb Code     0  libspace.o(.text)
    __user_perthread_libspace                0x080005ad   Thumb Code     0  libspace.o(.text)
    __user_setup_stackheap                   0x080005b5   Thumb Code    74  sys_stackheap_outer.o(.text)
    exit                                     0x080005ff   Thumb Code    18  exit.o(.text)
    _sys_exit                                0x08000611   Thumb Code     8  sys_exit.o(.text)
    __I$use$semihosting                      0x0800061d   Thumb Code     0  use_no_semi.o(.text)
    __use_no_semihosting_swi                 0x0800061d   Thumb Code     2  use_no_semi.o(.text)
    __semihosting_library_function           0x0800061f   Thumb Code     0  indicate_semi.o(.text)
    App                                      0x08000621   Thumb Code  2288  app.o(.text.App)
    BusFault_Handler                         0x08000f11   Thumb Code     4  stm32f4xx_it.o(.text.BusFault_Handler)
    DebugMon_Handler                         0x08000f15   Thumb Code     2  stm32f4xx_it.o(.text.DebugMon_Handler)
    Error_Handler                            0x08000f19   Thumb Code    14  main.o(.text.Error_Handler)
    HAL_GPIO_Init                            0x08000f29   Thumb Code   950  stm32f4xx_hal_gpio.o(.text.HAL_GPIO_Init)
    HAL_GetTick                              0x080012e1   Thumb Code    12  stm32f4xx_hal.o(.text.HAL_GetTick)
    HAL_I2C_Init                             0x080012ed   Thumb Code   676  stm32f4xx_hal_i2c.o(.text.HAL_I2C_Init)
    HAL_I2C_Mem_Read                         0x08001591   Thumb Code  1068  stm32f4xx_hal_i2c.o(.text.HAL_I2C_Mem_Read)
    HAL_I2C_Mem_Write                        0x080019bd   Thumb Code   528  stm32f4xx_hal_i2c.o(.text.HAL_I2C_Mem_Write)
    HAL_I2C_MspInit                          0x08001bcd   Thumb Code   144  i2c.o(.text.HAL_I2C_MspInit)
    HAL_IncTick                              0x08001c5d   Thumb Code    26  stm32f4xx_hal.o(.text.HAL_IncTick)
    HAL_Init                                 0x08001c79   Thumb Code    54  stm32f4xx_hal.o(.text.HAL_Init)
    HAL_InitTick                             0x08001cb1   Thumb Code   112  stm32f4xx_hal.o(.text.HAL_InitTick)
    HAL_MspInit                              0x08001d21   Thumb Code    74  stm32f4xx_hal_msp.o(.text.HAL_MspInit)
    HAL_NVIC_SetPriority                     0x08001d6d   Thumb Code    50  stm32f4xx_hal_cortex.o(.text.HAL_NVIC_SetPriority)
    HAL_NVIC_SetPriorityGrouping             0x08001da1   Thumb Code    16  stm32f4xx_hal_cortex.o(.text.HAL_NVIC_SetPriorityGrouping)
    HAL_RCC_ClockConfig                      0x08001db1   Thumb Code   610  stm32f4xx_hal_rcc.o(.text.HAL_RCC_ClockConfig)
    HAL_RCC_GetHCLKFreq                      0x08002015   Thumb Code    12  stm32f4xx_hal_rcc.o(.text.HAL_RCC_GetHCLKFreq)
    HAL_RCC_GetPCLK1Freq                     0x08002021   Thumb Code    34  stm32f4xx_hal_rcc.o(.text.HAL_RCC_GetPCLK1Freq)
    HAL_RCC_GetSysClockFreq                  0x08002045   Thumb Code   230  stm32f4xx_hal_rcc.o(.text.HAL_RCC_GetSysClockFreq)
    HAL_RCC_OscConfig                        0x0800212d   Thumb Code  1726  stm32f4xx_hal_rcc.o(.text.HAL_RCC_OscConfig)
    HAL_SYSTICK_Config                       0x080027ed   Thumb Code    16  stm32f4xx_hal_cortex.o(.text.HAL_SYSTICK_Config)
    HardFault_Handler                        0x080027fd   Thumb Code     4  stm32f4xx_it.o(.text.HardFault_Handler)
    MPU6050_Get_Accelerometer                0x08002f49   Thumb Code    92  mpu6050.o(.text.MPU6050_Get_Accelerometer)
    MPU6050_Get_Gyroscope                    0x08002fa5   Thumb Code    92  mpu6050.o(.text.MPU6050_Get_Gyroscope)
    MPU6050_Init                             0x08003001   Thumb Code   518  mpu6050.o(.text.MPU6050_Init)
    MPU6050_Read_Bytes                       0x08003209   Thumb Code    76  mpu6050.o(.text.MPU6050_Read_Bytes)
    MPU6050_Write_Bytes                      0x08003255   Thumb Code    74  mpu6050.o(.text.MPU6050_Write_Bytes)
    MX_GPIO_Init                             0x080032a1   Thumb Code   108  gpio.o(.text.MX_GPIO_Init)
    MX_I2C1_Init                             0x0800330d   Thumb Code    72  i2c.o(.text.MX_I2C1_Init)
    MemManage_Handler                        0x08003355   Thumb Code     4  stm32f4xx_it.o(.text.MemManage_Handler)
    NMI_Handler                              0x08003359   Thumb Code     4  stm32f4xx_it.o(.text.NMI_Handler)
    PendSV_Handler                           0x080033c9   Thumb Code     2  stm32f4xx_it.o(.text.PendSV_Handler)
    SEGGER_RTT_SetTerminal                   0x080033cd   Thumb Code   220  segger_rtt.o(.text.SEGGER_RTT_SetTerminal)
    SEGGER_RTT_Write                         0x080034a9   Thumb Code    78  segger_rtt.o(.text.SEGGER_RTT_Write)
    SEGGER_RTT_WriteNoLock                   0x080034f9   Thumb Code   176  segger_rtt.o(.text.SEGGER_RTT_WriteNoLock)
    SEGGER_RTT_printf                        0x080035a9   Thumb Code    42  segger_rtt_printf.o(.text.SEGGER_RTT_printf)
    SEGGER_RTT_vprintf                       0x080035d9   Thumb Code  1256  segger_rtt_printf.o(.text.SEGGER_RTT_vprintf)
    SVC_Handler                              0x08003ac1   Thumb Code     2  stm32f4xx_it.o(.text.SVC_Handler)
    SysTick_Handler                          0x08003b19   Thumb Code     8  stm32f4xx_it.o(.text.SysTick_Handler)
    SystemClock_Config                       0x08003b21   Thumb Code   186  main.o(.text.SystemClock_Config)
    SystemInit                               0x08003bdd   Thumb Code    18  system_stm32f4xx.o(.text.SystemInit)
    UsageFault_Handler                       0x08003bf1   Thumb Code     4  stm32f4xx_it.o(.text.UsageFault_Handler)
    dmp_enable_6x_lp_quat                    0x08004479   Thumb Code    70  inv_mpu_dmp_motion_driver.o(.text.dmp_enable_6x_lp_quat)
    dmp_enable_feature                       0x080044c1   Thumb Code   682  inv_mpu_dmp_motion_driver.o(.text.dmp_enable_feature)
    dmp_enable_gyro_cal                      0x0800476d   Thumb Code   106  inv_mpu_dmp_motion_driver.o(.text.dmp_enable_gyro_cal)
    dmp_enable_lp_quat                       0x080047d9   Thumb Code    70  inv_mpu_dmp_motion_driver.o(.text.dmp_enable_lp_quat)
    dmp_load_motion_driver_firmware          0x08004821   Thumb Code    26  inv_mpu_dmp_motion_driver.o(.text.dmp_load_motion_driver_firmware)
    dmp_read_fifo                            0x0800483d   Thumb Code   466  inv_mpu_dmp_motion_driver.o(.text.dmp_read_fifo)
    dmp_set_accel_bias                       0x08004a11   Thumb Code   342  inv_mpu_dmp_motion_driver.o(.text.dmp_set_accel_bias)
    dmp_set_fifo_rate                        0x08004b69   Thumb Code   164  inv_mpu_dmp_motion_driver.o(.text.dmp_set_fifo_rate)
    dmp_set_gyro_bias                        0x08004c0d   Thumb Code   336  inv_mpu_dmp_motion_driver.o(.text.dmp_set_gyro_bias)
    dmp_set_orientation                      0x08004d5d   Thumb Code   432  inv_mpu_dmp_motion_driver.o(.text.dmp_set_orientation)
    dmp_set_shake_reject_thresh              0x08004f0d   Thumb Code    86  inv_mpu_dmp_motion_driver.o(.text.dmp_set_shake_reject_thresh)
    dmp_set_shake_reject_time                0x08004f65   Thumb Code    62  inv_mpu_dmp_motion_driver.o(.text.dmp_set_shake_reject_time)
    dmp_set_shake_reject_timeout             0x08004fa5   Thumb Code    62  inv_mpu_dmp_motion_driver.o(.text.dmp_set_shake_reject_timeout)
    dmp_set_tap_axes                         0x08004fe5   Thumb Code   108  inv_mpu_dmp_motion_driver.o(.text.dmp_set_tap_axes)
    dmp_set_tap_count                        0x08005051   Thumb Code    74  inv_mpu_dmp_motion_driver.o(.text.dmp_set_tap_count)
    dmp_set_tap_thresh                       0x0800509d   Thumb Code   592  inv_mpu_dmp_motion_driver.o(.text.dmp_set_tap_thresh)
    dmp_set_tap_time                         0x080052ed   Thumb Code    64  inv_mpu_dmp_motion_driver.o(.text.dmp_set_tap_time)
    dmp_set_tap_time_multi                   0x0800532d   Thumb Code    64  inv_mpu_dmp_motion_driver.o(.text.dmp_set_tap_time_multi)
    inv_orientation_matrix_to_scalar         0x08005bad   Thumb Code    68  inv_mpu.o(.text.inv_orientation_matrix_to_scalar)
    inv_row_2_scale                          0x08005bf1   Thumb Code   156  inv_mpu.o(.text.inv_row_2_scale)
    main                                     0x08005c8d   Thumb Code    32  main.o(.text.main)
    mget_ms                                  0x08005cad   Thumb Code     8  inv_mpu.o(.text.mget_ms)
    mpu_configure_fifo                       0x08005cb5   Thumb Code   210  inv_mpu.o(.text.mpu_configure_fifo)
    mpu_dmp_get_data                         0x08005d89   Thumb Code   588  inv_mpu.o(.text.mpu_dmp_get_data)
    mpu_dmp_init                             0x08005fd5   Thumb Code   288  inv_mpu.o(.text.mpu_dmp_init)
    mpu_get_accel_fsr                        0x080060f5   Thumb Code   108  inv_mpu.o(.text.mpu_get_accel_fsr)
    mpu_get_accel_sens                       0x08006161   Thumb Code   116  inv_mpu.o(.text.mpu_get_accel_sens)
    mpu_get_fifo_config                      0x080061d5   Thumb Code    24  inv_mpu.o(.text.mpu_get_fifo_config)
    mpu_get_gyro_fsr                         0x080061ed   Thumb Code    84  inv_mpu.o(.text.mpu_get_gyro_fsr)
    mpu_get_gyro_sens                        0x08006241   Thumb Code   104  inv_mpu.o(.text.mpu_get_gyro_sens)
    mpu_get_lpf                              0x080062a9   Thumb Code   100  inv_mpu.o(.text.mpu_get_lpf)
    mpu_get_sample_rate                      0x0800630d   Thumb Code    56  inv_mpu.o(.text.mpu_get_sample_rate)
    mpu_init                                 0x08006345   Thumb Code  1200  inv_mpu.o(.text.mpu_init)
    mpu_load_firmware                        0x080067f5   Thumb Code   308  inv_mpu.o(.text.mpu_load_firmware)
    mpu_lp_accel_mode                        0x08006929   Thumb Code   298  inv_mpu.o(.text.mpu_lp_accel_mode)
    mpu_read_fifo_stream                     0x08006a55   Thumb Code   296  inv_mpu.o(.text.mpu_read_fifo_stream)
    mpu_read_mem                             0x08006b7d   Thumb Code   190  inv_mpu.o(.text.mpu_read_mem)
    mpu_reset_fifo                           0x08006c3d   Thumb Code   694  inv_mpu.o(.text.mpu_reset_fifo)
    mpu_run_self_test                        0x08006ef5   Thumb Code   378  inv_mpu.o(.text.mpu_run_self_test)
    mpu_set_accel_fsr                        0x08007071   Thumb Code   200  inv_mpu.o(.text.mpu_set_accel_fsr)
    mpu_set_bypass                           0x08007139   Thumb Code   534  inv_mpu.o(.text.mpu_set_bypass)
    mpu_set_dmp_state                        0x08007351   Thumb Code   208  inv_mpu.o(.text.mpu_set_dmp_state)
    mpu_set_gyro_fsr                         0x08007421   Thumb Code   208  inv_mpu.o(.text.mpu_set_gyro_fsr)
    mpu_set_int_latched                      0x080074f1   Thumb Code   184  inv_mpu.o(.text.mpu_set_int_latched)
    mpu_set_lpf                              0x080075a9   Thumb Code   226  inv_mpu.o(.text.mpu_set_lpf)
    mpu_set_sample_rate                      0x0800768d   Thumb Code   250  inv_mpu.o(.text.mpu_set_sample_rate)
    mpu_set_sensors                          0x08007789   Thumb Code   362  inv_mpu.o(.text.mpu_set_sensors)
    mpu_write_mem                            0x080078f5   Thumb Code   190  inv_mpu.o(.text.mpu_write_mem)
    run_self_test                            0x080079b5   Thumb Code   180  inv_mpu.o(.text.run_self_test)
    __ARM_fpclassify                         0x08007b5b   Thumb Code    48  fpclassify.o(i.__ARM_fpclassify)
    __hardfp_asin                            0x08007b91   Thumb Code   770  asin.o(i.__hardfp_asin)
    __hardfp_atan                            0x08007ef1   Thumb Code   622  atan.o(i.__hardfp_atan)
    __hardfp_atan2                           0x080081c9   Thumb Code   448  atan2.o(i.__hardfp_atan2)
    __hardfp_pow                             0x080083c9   Thumb Code  3088  pow.o(i.__hardfp_pow)
    __hardfp_sqrt                            0x08009029   Thumb Code   122  sqrt.o(i.__hardfp_sqrt)
    __kernel_poly                            0x080090a3   Thumb Code   248  poly.o(i.__kernel_poly)
    __mathlib_dbl_divzero                    0x080091a1   Thumb Code    28  dunder.o(i.__mathlib_dbl_divzero)
    __mathlib_dbl_infnan                     0x080091d1   Thumb Code    20  dunder.o(i.__mathlib_dbl_infnan)
    __mathlib_dbl_infnan2                    0x080091e5   Thumb Code    20  dunder.o(i.__mathlib_dbl_infnan2)
    __mathlib_dbl_invalid                    0x080091f9   Thumb Code    24  dunder.o(i.__mathlib_dbl_invalid)
    __mathlib_dbl_overflow                   0x08009219   Thumb Code    24  dunder.o(i.__mathlib_dbl_overflow)
    __mathlib_dbl_underflow                  0x08009239   Thumb Code    24  dunder.o(i.__mathlib_dbl_underflow)
    atan                                     0x08009259   Thumb Code    16  atan.o(i.atan)
    fabs                                     0x08009269   Thumb Code    24  fabs.o(i.fabs)
    sqrt                                     0x08009281   Thumb Code   110  sqrt.o(i.sqrt)
    __aeabi_dneg                             0x080092ef   Thumb Code     0  basic.o(x$fpl$basic)
    _dneg                                    0x080092ef   Thumb Code     6  basic.o(x$fpl$basic)
    __aeabi_fneg                             0x080092f5   Thumb Code     0  basic.o(x$fpl$basic)
    _fneg                                    0x080092f5   Thumb Code     6  basic.o(x$fpl$basic)
    _dabs                                    0x080092fb   Thumb Code     6  basic.o(x$fpl$basic)
    _fabs                                    0x08009301   Thumb Code     6  basic.o(x$fpl$basic)
    __aeabi_d2f                              0x08009309   Thumb Code     0  d2f.o(x$fpl$d2f)
    _d2f                                     0x08009309   Thumb Code    98  d2f.o(x$fpl$d2f)
    __aeabi_dadd                             0x0800936d   Thumb Code     0  daddsub_clz.o(x$fpl$dadd)
    _dadd                                    0x0800936d   Thumb Code   332  daddsub_clz.o(x$fpl$dadd)
    __fpl_dcheck_NaN1                        0x080094bd   Thumb Code    10  dcheck1.o(x$fpl$dcheck1)
    __fpl_dcmp_Inf                           0x080094cd   Thumb Code    24  dcmpi.o(x$fpl$dcmpinf)
    __aeabi_ddiv                             0x080094e5   Thumb Code     0  ddiv.o(x$fpl$ddiv)
    _ddiv                                    0x080094e5   Thumb Code   556  ddiv.o(x$fpl$ddiv)
    __aeabi_cdcmpeq                          0x08009799   Thumb Code     0  deqf.o(x$fpl$deqf)
    _dcmpeq                                  0x08009799   Thumb Code   120  deqf.o(x$fpl$deqf)
    __aeabi_d2iz                             0x08009811   Thumb Code     0  dfix.o(x$fpl$dfix)
    _dfix                                    0x08009811   Thumb Code    94  dfix.o(x$fpl$dfix)
    __aeabi_i2d                              0x0800986f   Thumb Code     0  dflt_clz.o(x$fpl$dflt)
    _dflt                                    0x0800986f   Thumb Code    46  dflt_clz.o(x$fpl$dflt)
    __aeabi_cdcmple                          0x0800989d   Thumb Code     0  dleqf.o(x$fpl$dleqf)
    _dcmple                                  0x0800989d   Thumb Code   120  dleqf.o(x$fpl$dleqf)
    __fpl_dcmple_InfNaN                      0x080098ff   Thumb Code     0  dleqf.o(x$fpl$dleqf)
    __aeabi_dmul                             0x08009915   Thumb Code     0  dmul.o(x$fpl$dmul)
    _dmul                                    0x08009915   Thumb Code   332  dmul.o(x$fpl$dmul)
    __fpl_dnaninf                            0x08009a69   Thumb Code   156  dnaninf.o(x$fpl$dnaninf)
    __fpl_dretinf                            0x08009b05   Thumb Code    12  dretinf.o(x$fpl$dretinf)
    __aeabi_cdrcmple                         0x08009b11   Thumb Code     0  drleqf.o(x$fpl$drleqf)
    _drcmple                                 0x08009b11   Thumb Code   108  drleqf.o(x$fpl$drleqf)
    __aeabi_drsub                            0x08009b7d   Thumb Code     0  daddsub_clz.o(x$fpl$drsb)
    _drsb                                    0x08009b7d   Thumb Code    22  daddsub_clz.o(x$fpl$drsb)
    _dsqrt                                   0x08009b95   Thumb Code   404  dsqrt_umaal.o(x$fpl$dsqrt)
    __aeabi_dsub                             0x08009d2d   Thumb Code     0  daddsub_clz.o(x$fpl$dsub)
    _dsub                                    0x08009d2d   Thumb Code   472  daddsub_clz.o(x$fpl$dsub)
    __aeabi_f2d                              0x08009f09   Thumb Code     0  f2d.o(x$fpl$f2d)
    _f2d                                     0x08009f09   Thumb Code    86  f2d.o(x$fpl$f2d)
    __fpl_fnaninf                            0x08009f5f   Thumb Code   140  fnaninf.o(x$fpl$fnaninf)
    _fp_init                                 0x08009feb   Thumb Code    26  fpinit.o(x$fpl$fpinit)
    __fplib_config_fpu_vfp                   0x0800a003   Thumb Code     0  fpinit.o(x$fpl$fpinit)
    __fplib_config_pureend_doubles           0x0800a003   Thumb Code     0  fpinit.o(x$fpl$fpinit)
    __fpl_fretinf                            0x0800a005   Thumb Code    10  fretinf.o(x$fpl$fretinf)
    __fpl_return_NaN                         0x0800a00f   Thumb Code   100  retnan.o(x$fpl$retnan)
    __ARM_scalbn                             0x0800a073   Thumb Code    92  scalbn.o(x$fpl$scalbn)
    __fpl_cmpreturn                          0x0800a0cf   Thumb Code    48  trapv.o(x$fpl$trapveneer)
    __I$use$fp                               0x0800a0fe   Number         0  usenofp.o(x$fpl$usenofp)
    __mathlib_zero                           0x0800a270   Data           8  qnan.o(.constdata)
    AHBPrescTable                            0x0800a278   Data          16  system_stm32f4xx.o(.rodata.AHBPrescTable)
    APBPrescTable                            0x0800a288   Data           8  system_stm32f4xx.o(.rodata.APBPrescTable)
    hw                                       0x0800aeb8   Data          12  inv_mpu.o(.rodata.hw)
    reg                                      0x0800aec4   Data          27  inv_mpu.o(.rodata.reg)
    test                                     0x0800b124   Data          40  inv_mpu.o(.rodata.test)
    Region$$Table$$Base                      0x0800b14c   Number         0  anon$$obj.o(Region$$Table)
    Region$$Table$$Limit                     0x0800b16c   Number         0  anon$$obj.o(Region$$Table)
    _SEGGER_RTT                              0x20000000   Data         168  segger_rtt.o(.ARM.__at_0x20000000)
    SystemCoreClock                          0x200000a8   Data           4  system_stm32f4xx.o(.data.SystemCoreClock)
    uwTickFreq                               0x200000ac   Data           1  stm32f4xx_hal.o(.data.uwTickFreq)
    uwTickPrio                               0x200008f8   Data           4  stm32f4xx_hal.o(.data.uwTickPrio)
    __libspace_start                         0x20000900   Data          96  libspace.o(.bss)
    __temporary_stack_top$libspace           0x20000960   Data           0  libspace.o(.bss)
    ax                                       0x20000962   Data           2  app.o(.bss.ax)
    ay                                       0x20000964   Data           2  app.o(.bss.ay)
    az                                       0x20000966   Data           2  app.o(.bss.az)
    gx                                       0x20000978   Data           2  app.o(.bss.gx)
    gy                                       0x2000097a   Data           2  app.o(.bss.gy)
    gz                                       0x2000097c   Data           2  app.o(.bss.gz)
    hi2c1                                    0x20000980   Data          84  i2c.o(.bss.hi2c1)
    mpu6050_read_pbuf                        0x200009d4   Data           8  mpu6050.o(.bss.mpu6050_read_pbuf)
    mpu6050_write_pbuf                       0x200009dc   Data           8  mpu6050.o(.bss.mpu6050_write_pbuf)
    pitch                                    0x200009e4   Data           4  app.o(.bss.pitch)
    pitch_init                               0x200009e8   Data           4  app.o(.bss.pitch_init)
    roll                                     0x200009ec   Data           4  app.o(.bss.roll)
    roll_init                                0x200009f0   Data           4  app.o(.bss.roll_init)
    uwTick                                   0x200009f4   Data           4  stm32f4xx_hal.o(.bss.uwTick)
    yaw                                      0x200009f8   Data           4  app.o(.bss.yaw)



==============================================================================

Memory Map of the image

  Image Entry point : 0x08000189

  Load Region LR_IROM1 (Base: 0x08000000, Size: 0x0000ba70, Max: 0x00080000, ABSOLUTE, COMPRESSED[0x0000b1a0])

    Execution Region ER_IROM1 (Exec base: 0x08000000, Load base: 0x08000000, Size: 0x0000b16c, Max: 0x00080000, ABSOLUTE)

    Exec Addr    Load Addr    Size         Type   Attr      Idx    E Section Name        Object

    0x08000000   0x08000000   0x00000188   Data   RO            3    RESET               startup_stm32f407xx.o
    0x08000188   0x08000188   0x00000008   Code   RO         1052  * !!!main             c_w.l(__main.o)
    0x08000190   0x08000190   0x00000034   Code   RO         1351    !!!scatter          c_w.l(__scatter.o)
    0x080001c4   0x080001c4   0x0000003a   Code   RO         1349    !!dczerorl          c_w.l(__dczerorl.o)
    0x080001fe   0x080001fe   0x00000002   PAD
    0x08000200   0x08000200   0x0000001c   Code   RO         1353    !!handler_zi        c_w.l(__scatter_zi.o)
    0x0800021c   0x0800021c   0x00000002   Code   RO         1210    .ARM.Collect$$libinit$$00000000  c_w.l(libinit.o)
    0x0800021e   0x0800021e   0x00000004   Code   RO         1221    .ARM.Collect$$libinit$$00000001  c_w.l(libinit2.o)
    0x08000222   0x08000222   0x00000000   Code   RO         1224    .ARM.Collect$$libinit$$00000004  c_w.l(libinit2.o)
    0x08000222   0x08000222   0x00000000   Code   RO         1226    .ARM.Collect$$libinit$$00000006  c_w.l(libinit2.o)
    0x08000222   0x08000222   0x00000000   Code   RO         1229    .ARM.Collect$$libinit$$0000000C  c_w.l(libinit2.o)
    0x08000222   0x08000222   0x00000000   Code   RO         1231    .ARM.Collect$$libinit$$0000000E  c_w.l(libinit2.o)
    0x08000222   0x08000222   0x00000000   Code   RO         1233    .ARM.Collect$$libinit$$00000010  c_w.l(libinit2.o)
    0x08000222   0x08000222   0x00000000   Code   RO         1236    .ARM.Collect$$libinit$$00000013  c_w.l(libinit2.o)
    0x08000222   0x08000222   0x00000000   Code   RO         1238    .ARM.Collect$$libinit$$00000015  c_w.l(libinit2.o)
    0x08000222   0x08000222   0x00000000   Code   RO         1240    .ARM.Collect$$libinit$$00000017  c_w.l(libinit2.o)
    0x08000222   0x08000222   0x00000000   Code   RO         1242    .ARM.Collect$$libinit$$00000019  c_w.l(libinit2.o)
    0x08000222   0x08000222   0x00000000   Code   RO         1244    .ARM.Collect$$libinit$$0000001B  c_w.l(libinit2.o)
    0x08000222   0x08000222   0x00000000   Code   RO         1246    .ARM.Collect$$libinit$$0000001D  c_w.l(libinit2.o)
    0x08000222   0x08000222   0x00000000   Code   RO         1248    .ARM.Collect$$libinit$$0000001F  c_w.l(libinit2.o)
    0x08000222   0x08000222   0x00000000   Code   RO         1250    .ARM.Collect$$libinit$$00000021  c_w.l(libinit2.o)
    0x08000222   0x08000222   0x00000000   Code   RO         1252    .ARM.Collect$$libinit$$00000023  c_w.l(libinit2.o)
    0x08000222   0x08000222   0x00000000   Code   RO         1254    .ARM.Collect$$libinit$$00000025  c_w.l(libinit2.o)
    0x08000222   0x08000222   0x00000000   Code   RO         1256    .ARM.Collect$$libinit$$00000027  c_w.l(libinit2.o)
    0x08000222   0x08000222   0x00000000   Code   RO         1260    .ARM.Collect$$libinit$$0000002E  c_w.l(libinit2.o)
    0x08000222   0x08000222   0x00000000   Code   RO         1262    .ARM.Collect$$libinit$$00000030  c_w.l(libinit2.o)
    0x08000222   0x08000222   0x00000000   Code   RO         1264    .ARM.Collect$$libinit$$00000032  c_w.l(libinit2.o)
    0x08000222   0x08000222   0x00000000   Code   RO         1266    .ARM.Collect$$libinit$$00000034  c_w.l(libinit2.o)
    0x08000222   0x08000222   0x00000002   Code   RO         1267    .ARM.Collect$$libinit$$00000035  c_w.l(libinit2.o)
    0x08000224   0x08000224   0x00000002   Code   RO         1304    .ARM.Collect$$libshutdown$$00000000  c_w.l(libshutdown.o)
    0x08000226   0x08000226   0x00000000   Code   RO         1332    .ARM.Collect$$libshutdown$$00000002  c_w.l(libshutdown2.o)
    0x08000226   0x08000226   0x00000000   Code   RO         1334    .ARM.Collect$$libshutdown$$00000004  c_w.l(libshutdown2.o)
    0x08000226   0x08000226   0x00000000   Code   RO         1337    .ARM.Collect$$libshutdown$$00000007  c_w.l(libshutdown2.o)
    0x08000226   0x08000226   0x00000000   Code   RO         1340    .ARM.Collect$$libshutdown$$0000000A  c_w.l(libshutdown2.o)
    0x08000226   0x08000226   0x00000000   Code   RO         1342    .ARM.Collect$$libshutdown$$0000000C  c_w.l(libshutdown2.o)
    0x08000226   0x08000226   0x00000000   Code   RO         1345    .ARM.Collect$$libshutdown$$0000000F  c_w.l(libshutdown2.o)
    0x08000226   0x08000226   0x00000002   Code   RO         1346    .ARM.Collect$$libshutdown$$00000010  c_w.l(libshutdown2.o)
    0x08000228   0x08000228   0x00000000   Code   RO         1106    .ARM.Collect$$rtentry$$00000000  c_w.l(__rtentry.o)
    0x08000228   0x08000228   0x00000000   Code   RO         1167    .ARM.Collect$$rtentry$$00000002  c_w.l(__rtentry2.o)
    0x08000228   0x08000228   0x00000006   Code   RO         1179    .ARM.Collect$$rtentry$$00000004  c_w.l(__rtentry4.o)
    0x0800022e   0x0800022e   0x00000000   Code   RO         1169    .ARM.Collect$$rtentry$$00000009  c_w.l(__rtentry2.o)
    0x0800022e   0x0800022e   0x00000004   Code   RO         1170    .ARM.Collect$$rtentry$$0000000A  c_w.l(__rtentry2.o)
    0x08000232   0x08000232   0x00000000   Code   RO         1172    .ARM.Collect$$rtentry$$0000000C  c_w.l(__rtentry2.o)
    0x08000232   0x08000232   0x00000008   Code   RO         1173    .ARM.Collect$$rtentry$$0000000D  c_w.l(__rtentry2.o)
    0x0800023a   0x0800023a   0x00000002   Code   RO         1213    .ARM.Collect$$rtexit$$00000000  c_w.l(rtexit.o)
    0x0800023c   0x0800023c   0x00000000   Code   RO         1275    .ARM.Collect$$rtexit$$00000002  c_w.l(rtexit2.o)
    0x0800023c   0x0800023c   0x00000004   Code   RO         1276    .ARM.Collect$$rtexit$$00000003  c_w.l(rtexit2.o)
    0x08000240   0x08000240   0x00000006   Code   RO         1277    .ARM.Collect$$rtexit$$00000004  c_w.l(rtexit2.o)
    0x08000246   0x08000246   0x00000002   PAD
    0x08000248   0x08000248   0x00000040   Code   RO            4    .text               startup_stm32f407xx.o
    0x08000288   0x08000288   0x000000f0   Code   RO         1036    .text               c_w.l(lludivv7m.o)
    0x08000378   0x08000378   0x00000074   Code   RO         1038    .text               c_w.l(llsdiv.o)
    0x080003ec   0x080003ec   0x00000008   Code   RO         1040    .text               c_w.l(labs.o)
    0x080003f4   0x080003f4   0x00000058   Code   RO         1042    .text               c_w.l(memcmp.o)
    0x0800044c   0x0800044c   0x0000008a   Code   RO         1046    .text               c_w.l(rt_memcpy_v6.o)
    0x080004d6   0x080004d6   0x0000004e   Code   RO         1048    .text               c_w.l(rt_memclr_w.o)
    0x08000524   0x08000524   0x00000006   Code   RO         1050    .text               c_w.l(heapauxi.o)
    0x0800052a   0x0800052a   0x00000016   Code   RO         1111    .text               c_w.l(_rserrno.o)
    0x08000540   0x08000540   0x00000064   Code   RO         1113    .text               c_w.l(rt_memcpy_w.o)
    0x080005a4   0x080005a4   0x00000008   Code   RO         1186    .text               c_w.l(rt_errno_addr_intlibspace.o)
    0x080005ac   0x080005ac   0x00000008   Code   RO         1194    .text               c_w.l(libspace.o)
    0x080005b4   0x080005b4   0x0000004a   Code   RO         1197    .text               c_w.l(sys_stackheap_outer.o)
    0x080005fe   0x080005fe   0x00000012   Code   RO         1199    .text               c_w.l(exit.o)
    0x08000610   0x08000610   0x0000000c   Code   RO         1270    .text               c_w.l(sys_exit.o)
    0x0800061c   0x0800061c   0x00000002   Code   RO         1293    .text               c_w.l(use_no_semi.o)
    0x0800061e   0x0800061e   0x00000000   Code   RO         1295    .text               c_w.l(indicate_semi.o)
    0x0800061e   0x0800061e   0x00000002   PAD
    0x08000620   0x08000620   0x000008f0   Code   RO          698    .text.App           app.o
    0x08000f10   0x08000f10   0x00000004   Code   RO           53    .text.BusFault_Handler  stm32f4xx_it.o
    0x08000f14   0x08000f14   0x00000002   Code   RO           59    .text.DebugMon_Handler  stm32f4xx_it.o
    0x08000f16   0x08000f16   0x00000002   PAD
    0x08000f18   0x08000f18   0x0000000e   Code   RO           15    .text.Error_Handler  main.o
    0x08000f26   0x08000f26   0x00000002   PAD
    0x08000f28   0x08000f28   0x000003b6   Code   RO          386    .text.HAL_GPIO_Init  stm32f4xx_hal_gpio.o
    0x080012de   0x080012de   0x00000002   PAD
    0x080012e0   0x080012e0   0x0000000c   Code   RO          605    .text.HAL_GetTick   stm32f4xx_hal.o
    0x080012ec   0x080012ec   0x000002a4   Code   RO           80    .text.HAL_I2C_Init  stm32f4xx_hal_i2c.o
    0x08001590   0x08001590   0x0000042c   Code   RO          134    .text.HAL_I2C_Mem_Read  stm32f4xx_hal_i2c.o
    0x080019bc   0x080019bc   0x00000210   Code   RO          130    .text.HAL_I2C_Mem_Write  stm32f4xx_hal_i2c.o
    0x08001bcc   0x08001bcc   0x00000090   Code   RO           35    .text.HAL_I2C_MspInit  i2c.o
    0x08001c5c   0x08001c5c   0x0000001a   Code   RO          603    .text.HAL_IncTick   stm32f4xx_hal.o
    0x08001c76   0x08001c76   0x00000002   PAD
    0x08001c78   0x08001c78   0x00000036   Code   RO          593    .text.HAL_Init      stm32f4xx_hal.o
    0x08001cae   0x08001cae   0x00000002   PAD
    0x08001cb0   0x08001cb0   0x00000070   Code   RO          595    .text.HAL_InitTick  stm32f4xx_hal.o
    0x08001d20   0x08001d20   0x0000004a   Code   RO           72    .text.HAL_MspInit   stm32f4xx_hal_msp.o
    0x08001d6a   0x08001d6a   0x00000002   PAD
    0x08001d6c   0x08001d6c   0x00000032   Code   RO          526    .text.HAL_NVIC_SetPriority  stm32f4xx_hal_cortex.o
    0x08001d9e   0x08001d9e   0x00000002   PAD
    0x08001da0   0x08001da0   0x00000010   Code   RO          522    .text.HAL_NVIC_SetPriorityGrouping  stm32f4xx_hal_cortex.o
    0x08001db0   0x08001db0   0x00000262   Code   RO          254    .text.HAL_RCC_ClockConfig  stm32f4xx_hal_rcc.o
    0x08002012   0x08002012   0x00000002   PAD
    0x08002014   0x08002014   0x0000000c   Code   RO          264    .text.HAL_RCC_GetHCLKFreq  stm32f4xx_hal_rcc.o
    0x08002020   0x08002020   0x00000022   Code   RO          266    .text.HAL_RCC_GetPCLK1Freq  stm32f4xx_hal_rcc.o
    0x08002042   0x08002042   0x00000002   PAD
    0x08002044   0x08002044   0x000000e6   Code   RO          256    .text.HAL_RCC_GetSysClockFreq  stm32f4xx_hal_rcc.o
    0x0800212a   0x0800212a   0x00000002   PAD
    0x0800212c   0x0800212c   0x000006be   Code   RO          252    .text.HAL_RCC_OscConfig  stm32f4xx_hal_rcc.o
    0x080027ea   0x080027ea   0x00000002   PAD
    0x080027ec   0x080027ec   0x00000010   Code   RO          546    .text.HAL_SYSTICK_Config  stm32f4xx_hal_cortex.o
    0x080027fc   0x080027fc   0x00000004   Code   RO           49    .text.HardFault_Handler  stm32f4xx_it.o
    0x08002800   0x08002800   0x00000064   Code   RO          240    .text.I2C_IsAcknowledgeFailed  stm32f4xx_hal_i2c.o
    0x08002864   0x08002864   0x000001e2   Code   RO          136    .text.I2C_RequestMemoryRead  stm32f4xx_hal_i2c.o
    0x08002a46   0x08002a46   0x00000002   PAD
    0x08002a48   0x08002a48   0x0000013a   Code   RO          132    .text.I2C_RequestMemoryWrite  stm32f4xx_hal_i2c.o
    0x08002b82   0x08002b82   0x00000002   PAD
    0x08002b84   0x08002b84   0x00000096   Code   RO           96    .text.I2C_WaitOnBTFFlagUntilTimeout  stm32f4xx_hal_i2c.o
    0x08002c1a   0x08002c1a   0x00000002   PAD
    0x08002c1c   0x08002c1c   0x000000be   Code   RO           90    .text.I2C_WaitOnFlagUntilTimeout  stm32f4xx_hal_i2c.o
    0x08002cda   0x08002cda   0x00000002   PAD
    0x08002cdc   0x08002cdc   0x00000110   Code   RO          238    .text.I2C_WaitOnMasterAddressFlagUntilTimeout  stm32f4xx_hal_i2c.o
    0x08002dec   0x08002dec   0x000000c6   Code   RO          102    .text.I2C_WaitOnRXNEFlagUntilTimeout  stm32f4xx_hal_i2c.o
    0x08002eb2   0x08002eb2   0x00000002   PAD
    0x08002eb4   0x08002eb4   0x00000094   Code   RO           94    .text.I2C_WaitOnTXEFlagUntilTimeout  stm32f4xx_hal_i2c.o
    0x08002f48   0x08002f48   0x0000005c   Code   RO          722    .text.MPU6050_Get_Accelerometer  mpu6050.o
    0x08002fa4   0x08002fa4   0x0000005c   Code   RO          724    .text.MPU6050_Get_Gyroscope  mpu6050.o
    0x08003000   0x08003000   0x00000206   Code   RO          728    .text.MPU6050_Init  mpu6050.o
    0x08003206   0x08003206   0x00000002   PAD
    0x08003208   0x08003208   0x0000004c   Code   RO          720    .text.MPU6050_Read_Bytes  mpu6050.o
    0x08003254   0x08003254   0x0000004a   Code   RO          718    .text.MPU6050_Write_Bytes  mpu6050.o
    0x0800329e   0x0800329e   0x00000002   PAD
    0x080032a0   0x080032a0   0x0000006c   Code   RO           25    .text.MX_GPIO_Init  gpio.o
    0x0800330c   0x0800330c   0x00000048   Code   RO           33    .text.MX_I2C1_Init  i2c.o
    0x08003354   0x08003354   0x00000004   Code   RO           51    .text.MemManage_Handler  stm32f4xx_it.o
    0x08003358   0x08003358   0x00000004   Code   RO           47    .text.NMI_Handler   stm32f4xx_it.o
    0x0800335c   0x0800335c   0x0000006c   Code   RO          532    .text.NVIC_EncodePriority  stm32f4xx_hal_cortex.o
    0x080033c8   0x080033c8   0x00000002   Code   RO           61    .text.PendSV_Handler  stm32f4xx_it.o
    0x080033ca   0x080033ca   0x00000002   PAD
    0x080033cc   0x080033cc   0x000000dc   Code   RO          802    .text.SEGGER_RTT_SetTerminal  segger_rtt.o
    0x080034a8   0x080034a8   0x0000004e   Code   RO          764    .text.SEGGER_RTT_Write  segger_rtt.o
    0x080034f6   0x080034f6   0x00000002   PAD
    0x080034f8   0x080034f8   0x000000b0   Code   RO          760    .text.SEGGER_RTT_WriteNoLock  segger_rtt.o
    0x080035a8   0x080035a8   0x0000002a   Code   RO          834    .text.SEGGER_RTT_printf  segger_rtt_printf.o
    0x080035d2   0x080035d2   0x00000006   PAD
    0x080035d8   0x080035d8   0x000004e8   Code   RO          826    .text.SEGGER_RTT_vprintf  segger_rtt_printf.o
    0x08003ac0   0x08003ac0   0x00000002   Code   RO           57    .text.SVC_Handler   stm32f4xx_it.o
    0x08003ac2   0x08003ac2   0x00000002   PAD
    0x08003ac4   0x08003ac4   0x00000052   Code   RO          548    .text.SysTick_Config  stm32f4xx_hal_cortex.o
    0x08003b16   0x08003b16   0x00000002   PAD
    0x08003b18   0x08003b18   0x00000008   Code   RO           63    .text.SysTick_Handler  stm32f4xx_it.o
    0x08003b20   0x08003b20   0x000000ba   Code   RO           13    .text.SystemClock_Config  main.o
    0x08003bda   0x08003bda   0x00000002   PAD
    0x08003bdc   0x08003bdc   0x00000012   Code   RO          684    .text.SystemInit    system_stm32f4xx.o
    0x08003bee   0x08003bee   0x00000002   PAD
    0x08003bf0   0x08003bf0   0x00000004   Code   RO           55    .text.UsageFault_Handler  stm32f4xx_it.o
    0x08003bf4   0x08003bf4   0x000000a4   Code   RO          742    .text._DoInit       segger_rtt.o
    0x08003c98   0x08003c98   0x0000003e   Code   RO          754    .text._GetAvailWriteSpace  segger_rtt.o
    0x08003cd6   0x08003cd6   0x00000002   PAD
    0x08003cd8   0x08003cd8   0x000001cc   Code   RO          830    .text._PrintInt     segger_rtt_printf.o
    0x08003ea4   0x08003ea4   0x000001ac   Code   RO          832    .text._PrintUnsigned  segger_rtt_printf.o
    0x08004050   0x08004050   0x00000076   Code   RO          828    .text._StoreChar    segger_rtt_printf.o
    0x080040c6   0x080040c6   0x00000002   PAD
    0x080040c8   0x080040c8   0x000000e4   Code   RO          758    .text._WriteBlocking  segger_rtt.o
    0x080041ac   0x080041ac   0x0000008c   Code   RO          756    .text._WriteNoCheck  segger_rtt.o
    0x08004238   0x08004238   0x00000010   Code   RO          528    .text.__NVIC_GetPriorityGrouping  stm32f4xx_hal_cortex.o
    0x08004248   0x08004248   0x00000042   Code   RO          530    .text.__NVIC_SetPriority  stm32f4xx_hal_cortex.o
    0x0800428a   0x0800428a   0x00000002   PAD
    0x0800428c   0x0800428c   0x0000003c   Code   RO          524    .text.__NVIC_SetPriorityGrouping  stm32f4xx_hal_cortex.o
    0x080042c8   0x080042c8   0x00000114   Code   RO          916    .text.accel_self_test  inv_mpu.o
    0x080043dc   0x080043dc   0x0000009c   Code   RO         1011    .text.decode_gesture  inv_mpu_dmp_motion_driver.o
    0x08004478   0x08004478   0x00000046   Code   RO         1003    .text.dmp_enable_6x_lp_quat  inv_mpu_dmp_motion_driver.o
    0x080044be   0x080044be   0x00000002   PAD
    0x080044c0   0x080044c0   0x000002aa   Code   RO          997    .text.dmp_enable_feature  inv_mpu_dmp_motion_driver.o
    0x0800476a   0x0800476a   0x00000002   PAD
    0x0800476c   0x0800476c   0x0000006a   Code   RO          999    .text.dmp_enable_gyro_cal  inv_mpu_dmp_motion_driver.o
    0x080047d6   0x080047d6   0x00000002   PAD
    0x080047d8   0x080047d8   0x00000046   Code   RO         1001    .text.dmp_enable_lp_quat  inv_mpu_dmp_motion_driver.o
    0x0800481e   0x0800481e   0x00000002   PAD
    0x08004820   0x08004820   0x0000001a   Code   RO          961    .text.dmp_load_motion_driver_firmware  inv_mpu_dmp_motion_driver.o
    0x0800483a   0x0800483a   0x00000002   PAD
    0x0800483c   0x0800483c   0x000001d2   Code   RO         1009    .text.dmp_read_fifo  inv_mpu_dmp_motion_driver.o
    0x08004a0e   0x08004a0e   0x00000002   PAD
    0x08004a10   0x08004a10   0x00000156   Code   RO          967    .text.dmp_set_accel_bias  inv_mpu_dmp_motion_driver.o
    0x08004b66   0x08004b66   0x00000002   PAD
    0x08004b68   0x08004b68   0x000000a4   Code   RO          969    .text.dmp_set_fifo_rate  inv_mpu_dmp_motion_driver.o
    0x08004c0c   0x08004c0c   0x00000150   Code   RO          965    .text.dmp_set_gyro_bias  inv_mpu_dmp_motion_driver.o
    0x08004d5c   0x08004d5c   0x000001b0   Code   RO          963    .text.dmp_set_orientation  inv_mpu_dmp_motion_driver.o
    0x08004f0c   0x08004f0c   0x00000056   Code   RO          983    .text.dmp_set_shake_reject_thresh  inv_mpu_dmp_motion_driver.o
    0x08004f62   0x08004f62   0x00000002   PAD
    0x08004f64   0x08004f64   0x0000003e   Code   RO          985    .text.dmp_set_shake_reject_time  inv_mpu_dmp_motion_driver.o
    0x08004fa2   0x08004fa2   0x00000002   PAD
    0x08004fa4   0x08004fa4   0x0000003e   Code   RO          987    .text.dmp_set_shake_reject_timeout  inv_mpu_dmp_motion_driver.o
    0x08004fe2   0x08004fe2   0x00000002   PAD
    0x08004fe4   0x08004fe4   0x0000006c   Code   RO          975    .text.dmp_set_tap_axes  inv_mpu_dmp_motion_driver.o
    0x08005050   0x08005050   0x0000004a   Code   RO          977    .text.dmp_set_tap_count  inv_mpu_dmp_motion_driver.o
    0x0800509a   0x0800509a   0x00000002   PAD
    0x0800509c   0x0800509c   0x00000250   Code   RO          973    .text.dmp_set_tap_thresh  inv_mpu_dmp_motion_driver.o
    0x080052ec   0x080052ec   0x00000040   Code   RO          979    .text.dmp_set_tap_time  inv_mpu_dmp_motion_driver.o
    0x0800532c   0x0800532c   0x00000040   Code   RO          981    .text.dmp_set_tap_time_multi  inv_mpu_dmp_motion_driver.o
    0x0800536c   0x0800536c   0x00000104   Code   RO          946    .text.get_accel_prod_shift  inv_mpu.o
    0x08005470   0x08005470   0x000005aa   Code   RO          914    .text.get_st_biases  inv_mpu.o
    0x08005a1a   0x08005a1a   0x00000002   PAD
    0x08005a1c   0x08005a1c   0x00000190   Code   RO          918    .text.gyro_self_test  inv_mpu.o
    0x08005bac   0x08005bac   0x00000044   Code   RO          938    .text.inv_orientation_matrix_to_scalar  inv_mpu.o
    0x08005bf0   0x08005bf0   0x0000009c   Code   RO          940    .text.inv_row_2_scale  inv_mpu.o
    0x08005c8c   0x08005c8c   0x00000020   Code   RO           11    .text.main          main.o
    0x08005cac   0x08005cac   0x00000008   Code   RO          870    .text.mget_ms       inv_mpu.o
    0x08005cb4   0x08005cb4   0x000000d2   Code   RO          858    .text.mpu_configure_fifo  inv_mpu.o
    0x08005d86   0x08005d86   0x00000002   PAD
    0x08005d88   0x08005d88   0x0000024c   Code   RO          944    .text.mpu_dmp_get_data  inv_mpu.o
    0x08005fd4   0x08005fd4   0x00000120   Code   RO          942    .text.mpu_dmp_init  inv_mpu.o
    0x080060f4   0x080060f4   0x0000006c   Code   RO          882    .text.mpu_get_accel_fsr  inv_mpu.o
    0x08006160   0x08006160   0x00000074   Code   RO          894    .text.mpu_get_accel_sens  inv_mpu.o
    0x080061d4   0x080061d4   0x00000018   Code   RO          896    .text.mpu_get_fifo_config  inv_mpu.o
    0x080061ec   0x080061ec   0x00000054   Code   RO          880    .text.mpu_get_gyro_fsr  inv_mpu.o
    0x08006240   0x08006240   0x00000068   Code   RO          892    .text.mpu_get_gyro_sens  inv_mpu.o
    0x080062a8   0x080062a8   0x00000064   Code   RO          884    .text.mpu_get_lpf   inv_mpu.o
    0x0800630c   0x0800630c   0x00000038   Code   RO          886    .text.mpu_get_sample_rate  inv_mpu.o
    0x08006344   0x08006344   0x000004b0   Code   RO          848    .text.mpu_init      inv_mpu.o
    0x080067f4   0x080067f4   0x00000134   Code   RO          924    .text.mpu_load_firmware  inv_mpu.o
    0x08006928   0x08006928   0x0000012a   Code   RO          864    .text.mpu_lp_accel_mode  inv_mpu.o
    0x08006a52   0x08006a52   0x00000002   PAD
    0x08006a54   0x08006a54   0x00000128   Code   RO          906    .text.mpu_read_fifo_stream  inv_mpu.o
    0x08006b7c   0x08006b7c   0x000000be   Code   RO          922    .text.mpu_read_mem  inv_mpu.o
    0x08006c3a   0x08006c3a   0x00000002   PAD
    0x08006c3c   0x08006c3c   0x000002b6   Code   RO          878    .text.mpu_reset_fifo  inv_mpu.o
    0x08006ef2   0x08006ef2   0x00000002   PAD
    0x08006ef4   0x08006ef4   0x0000017a   Code   RO          910    .text.mpu_run_self_test  inv_mpu.o
    0x0800706e   0x0800706e   0x00000002   PAD
    0x08007070   0x08007070   0x000000c8   Code   RO          852    .text.mpu_set_accel_fsr  inv_mpu.o
    0x08007138   0x08007138   0x00000216   Code   RO          860    .text.mpu_set_bypass  inv_mpu.o
    0x0800734e   0x0800734e   0x00000002   PAD
    0x08007350   0x08007350   0x000000d0   Code   RO          912    .text.mpu_set_dmp_state  inv_mpu.o
    0x08007420   0x08007420   0x000000d0   Code   RO          850    .text.mpu_set_gyro_fsr  inv_mpu.o
    0x080074f0   0x080074f0   0x000000b8   Code   RO          866    .text.mpu_set_int_latched  inv_mpu.o
    0x080075a8   0x080075a8   0x000000e2   Code   RO          854    .text.mpu_set_lpf   inv_mpu.o
    0x0800768a   0x0800768a   0x00000002   PAD
    0x0800768c   0x0800768c   0x000000fa   Code   RO          856    .text.mpu_set_sample_rate  inv_mpu.o
    0x08007786   0x08007786   0x00000002   PAD
    0x08007788   0x08007788   0x0000016a   Code   RO          862    .text.mpu_set_sensors  inv_mpu.o
    0x080078f2   0x080078f2   0x00000002   PAD
    0x080078f4   0x080078f4   0x000000be   Code   RO          920    .text.mpu_write_mem  inv_mpu.o
    0x080079b2   0x080079b2   0x00000002   PAD
    0x080079b4   0x080079b4   0x000000b4   Code   RO          936    .text.run_self_test  inv_mpu.o
    0x08007a68   0x08007a68   0x000000f2   Code   RO          898    .text.set_int_enable  inv_mpu.o
    0x08007b5a   0x08007b5a   0x00000030   Code   RO         1161    i.__ARM_fpclassify  m_wm.l(fpclassify.o)
    0x08007b8a   0x08007b8a   0x00000006   PAD
    0x08007b90   0x08007b90   0x00000360   Code   RO         1080    i.__hardfp_asin     m_wm.l(asin.o)
    0x08007ef0   0x08007ef0   0x000002d8   Code   RO         1134    i.__hardfp_atan     m_wm.l(atan.o)
    0x080081c8   0x080081c8   0x00000200   Code   RO         1087    i.__hardfp_atan2    m_wm.l(atan2.o)
    0x080083c8   0x080083c8   0x00000c60   Code   RO         1093    i.__hardfp_pow      m_wm.l(pow.o)
    0x08009028   0x08009028   0x0000007a   Code   RO         1100    i.__hardfp_sqrt     m_wm.l(sqrt.o)
    0x080090a2   0x080090a2   0x000000f8   Code   RO         1163    i.__kernel_poly     m_wm.l(poly.o)
    0x0800919a   0x0800919a   0x00000006   PAD
    0x080091a0   0x080091a0   0x00000030   Code   RO         1141    i.__mathlib_dbl_divzero  m_wm.l(dunder.o)
    0x080091d0   0x080091d0   0x00000014   Code   RO         1142    i.__mathlib_dbl_infnan  m_wm.l(dunder.o)
    0x080091e4   0x080091e4   0x00000014   Code   RO         1143    i.__mathlib_dbl_infnan2  m_wm.l(dunder.o)
    0x080091f8   0x080091f8   0x00000020   Code   RO         1144    i.__mathlib_dbl_invalid  m_wm.l(dunder.o)
    0x08009218   0x08009218   0x00000020   Code   RO         1145    i.__mathlib_dbl_overflow  m_wm.l(dunder.o)
    0x08009238   0x08009238   0x00000020   Code   RO         1147    i.__mathlib_dbl_underflow  m_wm.l(dunder.o)
    0x08009258   0x08009258   0x00000010   Code   RO         1136    i.atan              m_wm.l(atan.o)
    0x08009268   0x08009268   0x00000018   Code   RO         1157    i.fabs              m_wm.l(fabs.o)
    0x08009280   0x08009280   0x0000006e   Code   RO         1102    i.sqrt              m_wm.l(sqrt.o)
    0x080092ee   0x080092ee   0x00000018   Code   RO         1115    x$fpl$basic         fz_wm.l(basic.o)
    0x08009306   0x08009306   0x00000002   PAD
    0x08009308   0x08009308   0x00000062   Code   RO         1054    x$fpl$d2f           fz_wm.l(d2f.o)
    0x0800936a   0x0800936a   0x00000002   PAD
    0x0800936c   0x0800936c   0x00000150   Code   RO         1056    x$fpl$dadd          fz_wm.l(daddsub_clz.o)
    0x080094bc   0x080094bc   0x00000010   Code   RO         1188    x$fpl$dcheck1       fz_wm.l(dcheck1.o)
    0x080094cc   0x080094cc   0x00000018   Code   RO         1190    x$fpl$dcmpinf       fz_wm.l(dcmpi.o)
    0x080094e4   0x080094e4   0x000002b4   Code   RO         1063    x$fpl$ddiv          fz_wm.l(ddiv.o)
    0x08009798   0x08009798   0x00000078   Code   RO         1117    x$fpl$deqf          fz_wm.l(deqf.o)
    0x08009810   0x08009810   0x0000005e   Code   RO         1066    x$fpl$dfix          fz_wm.l(dfix.o)
    0x0800986e   0x0800986e   0x0000002e   Code   RO         1071    x$fpl$dflt          fz_wm.l(dflt_clz.o)
    0x0800989c   0x0800989c   0x00000078   Code   RO         1192    x$fpl$dleqf         fz_wm.l(dleqf.o)
    0x08009914   0x08009914   0x00000154   Code   RO         1076    x$fpl$dmul          fz_wm.l(dmul.o)
    0x08009a68   0x08009a68   0x0000009c   Code   RO         1119    x$fpl$dnaninf       fz_wm.l(dnaninf.o)
    0x08009b04   0x08009b04   0x0000000c   Code   RO         1121    x$fpl$dretinf       fz_wm.l(dretinf.o)
    0x08009b10   0x08009b10   0x0000006c   Code   RO         1123    x$fpl$drleqf        fz_wm.l(drleqf.o)
    0x08009b7c   0x08009b7c   0x00000016   Code   RO         1057    x$fpl$drsb          fz_wm.l(daddsub_clz.o)
    0x08009b92   0x08009b92   0x00000002   PAD
    0x08009b94   0x08009b94   0x00000198   Code   RO         1125    x$fpl$dsqrt         fz_wm.l(dsqrt_umaal.o)
    0x08009d2c   0x08009d2c   0x000001dc   Code   RO         1058    x$fpl$dsub          fz_wm.l(daddsub_clz.o)
    0x08009f08   0x08009f08   0x00000056   Code   RO         1078    x$fpl$f2d           fz_wm.l(f2d.o)
    0x08009f5e   0x08009f5e   0x0000008c   Code   RO         1127    x$fpl$fnaninf       fz_wm.l(fnaninf.o)
    0x08009fea   0x08009fea   0x0000001a   Code   RO         1287    x$fpl$fpinit        fz_wm.l(fpinit.o)
    0x0800a004   0x0800a004   0x0000000a   Code   RO         1129    x$fpl$fretinf       fz_wm.l(fretinf.o)
    0x0800a00e   0x0800a00e   0x00000064   Code   RO         1211    x$fpl$retnan        fz_wm.l(retnan.o)
    0x0800a072   0x0800a072   0x0000005c   Code   RO         1131    x$fpl$scalbn        fz_wm.l(scalbn.o)
    0x0800a0ce   0x0800a0ce   0x00000030   Code   RO         1268    x$fpl$trapveneer    fz_wm.l(trapv.o)
    0x0800a0fe   0x0800a0fe   0x00000000   Code   RO         1133    x$fpl$usenofp       fz_wm.l(usenofp.o)
    0x0800a0fe   0x0800a0fe   0x00000002   PAD
    0x0800a100   0x0800a100   0x00000050   Data   RO         1083    .constdata          m_wm.l(asin.o)
    0x0800a150   0x0800a150   0x00000088   Data   RO         1096    .constdata          m_wm.l(pow.o)
    0x0800a1d8   0x0800a1d8   0x00000098   Data   RO         1137    .constdata          m_wm.l(atan.o)
    0x0800a270   0x0800a270   0x00000008   Data   RO         1165    .constdata          m_wm.l(qnan.o)
    0x0800a278   0x0800a278   0x00000010   Data   RO          689    .rodata.AHBPrescTable  system_stm32f4xx.o
    0x0800a288   0x0800a288   0x00000008   Data   RO          690    .rodata.APBPrescTable  system_stm32f4xx.o
    0x0800a290   0x0800a290   0x00000011   Data   RO          815    .rodata._DoInit._aInitStr  segger_rtt.o
    0x0800a2a1   0x0800a2a1   0x00000010   Data   RO          836    .rodata._PrintUnsigned._aV2C  segger_rtt_printf.o
    0x0800a2b1   0x0800a2b1   0x00000010   Data   RO          813    .rodata._aTerminalId  segger_rtt.o
    0x0800a2c1   0x0800a2c1   0x00000bf6   Data   RO         1017    .rodata.dmp_memory  inv_mpu_dmp_motion_driver.o
    0x0800aeb7   0x0800aeb7   0x00000001   PAD
    0x0800aeb8   0x0800aeb8   0x0000000c   Data   RO          949    .rodata.hw          inv_mpu.o
    0x0800aec4   0x0800aec4   0x0000001b   Data   RO          948    .rodata.reg         inv_mpu.o
    0x0800aedf   0x0800aedf   0x00000107   Data   RO          700    .rodata.str1.1      app.o
    0x0800afe6   0x0800afe6   0x00000045   Data   RO          732    .rodata.str1.1      mpu6050.o
    0x0800b02b   0x0800b02b   0x00000009   Data   RO          816    .rodata.str1.1      segger_rtt.o
    0x0800b034   0x0800b034   0x000000ed   Data   RO          952    .rodata.str1.1      inv_mpu.o
    0x0800b121   0x0800b121   0x00000003   PAD
    0x0800b124   0x0800b124   0x00000028   Data   RO          950    .rodata.test        inv_mpu.o
    0x0800b14c   0x0800b14c   0x00000020   Data   RO         1348    Region$$Table       anon$$obj.o


    Execution Region RW_IRAM1 (Exec base: 0x20000000, Load base: 0x0800b170, Size: 0x00001000, Max: 0x0001c000, ABSOLUTE, COMPRESSED[0x00000030])

    Exec Addr    Load Addr    Size         Type   Attr      Idx    E Section Name        Object

    0x20000000   COMPRESSED   0x000000a8   Data   RW          812    .ARM.__at_0x20000000  segger_rtt.o
    0x200000a8   COMPRESSED   0x00000004   Data   RW          688    .data.SystemCoreClock  system_stm32f4xx.o
    0x200000ac   COMPRESSED   0x00000001   Data   RW          648    .data.uwTickFreq    stm32f4xx_hal.o
    0x200000ad   COMPRESSED   0x00000003   PAD
    0x200000b0   COMPRESSED   0x00000010   Data   RW          818    .ARM.__at_0x200000B0  segger_rtt.o
    0x200000c0   COMPRESSED   0x00000800   Data   RW          817    .ARM.__at_0x200000C0  segger_rtt.o
    0x200008c0   COMPRESSED   0x00000009   Data   RW          953    .data.gyro_orientation  inv_mpu.o
    0x200008c9   COMPRESSED   0x00000003   PAD
    0x200008cc   COMPRESSED   0x0000002c   Data   RW          951    .data.st            inv_mpu.o
    0x200008f8   COMPRESSED   0x00000004   Data   RW          647    .data.uwTickPrio    stm32f4xx_hal.o
    0x200008fc   COMPRESSED   0x00000004   PAD
    0x20000900        -       0x00000060   Zero   RW         1195    .bss                c_w.l(libspace.o)
    0x20000960        -       0x00000001   Zero   RW          814    .bss._ActiveTerminal  segger_rtt.o
    0x20000961   COMPRESSED   0x00000001   PAD
    0x20000962        -       0x00000002   Zero   RW          701    .bss.ax             app.o
    0x20000964        -       0x00000002   Zero   RW          702    .bss.ay             app.o
    0x20000966        -       0x00000002   Zero   RW          703    .bss.az             app.o
    0x20000968        -       0x00000010   Zero   RW         1022    .bss.dmp            inv_mpu_dmp_motion_driver.o
    0x20000978        -       0x00000002   Zero   RW          706    .bss.gx             app.o
    0x2000097a        -       0x00000002   Zero   RW          707    .bss.gy             app.o
    0x2000097c        -       0x00000002   Zero   RW          708    .bss.gz             app.o
    0x2000097e   COMPRESSED   0x00000002   PAD
    0x20000980        -       0x00000054   Zero   RW           39    .bss.hi2c1          i2c.o
    0x200009d4        -       0x00000008   Zero   RW          730    .bss.mpu6050_read_pbuf  mpu6050.o
    0x200009dc        -       0x00000008   Zero   RW          731    .bss.mpu6050_write_pbuf  mpu6050.o
    0x200009e4        -       0x00000004   Zero   RW          709    .bss.pitch          app.o
    0x200009e8        -       0x00000004   Zero   RW          705    .bss.pitch_init     app.o
    0x200009ec        -       0x00000004   Zero   RW          710    .bss.roll           app.o
    0x200009f0        -       0x00000004   Zero   RW          704    .bss.roll_init      app.o
    0x200009f4        -       0x00000004   Zero   RW          649    .bss.uwTick         stm32f4xx_hal.o
    0x200009f8        -       0x00000004   Zero   RW          711    .bss.yaw            app.o
    0x200009fc   COMPRESSED   0x00000004   PAD
    0x20000a00        -       0x00000200   Zero   RW            2    HEAP                startup_stm32f407xx.o
    0x20000c00        -       0x00000400   Zero   RW            1    STACK               startup_stm32f407xx.o


    Execution Region RW_IRAM2 (Exec base: 0x2001c000, Load base: 0x0800b1a0, Size: 0x00000000, Max: 0x00004000, ABSOLUTE)

    **** No section assigned to this execution region ****


==============================================================================

Image component sizes


      Code (inc. data)   RO Data    RW Data    ZI Data      Debug   Object Name

      2288         40        263          0         32       1738   app.o
       108          0          0          0          0       1471   gpio.o
       216          0          0          0         84       5046   i2c.o
     10444         72        316         53          0      21588   inv_mpu.o
      3962         52       3062          0         16       8611   inv_mpu_dmp_motion_driver.o
       232          0          0          0          0       2667   main.o
       852          0         69          0         16       2272   mpu6050.o
      1068          0         42       2232          1      13241   segger_rtt.o
      2304        198         16          0          0       4113   segger_rtt_printf.o
        64         26        392          0       1536        840   startup_stm32f407xx.o
       204          0          0          5          4       7097   stm32f4xx_hal.o
       414          0          0          0          0       9416   stm32f4xx_hal_cortex.o
       950          0          0          0          0       5085   stm32f4xx_hal_gpio.o
      4126          0          0          0          0      37209   stm32f4xx_hal_i2c.o
        74          0          0          0          0       1466   stm32f4xx_hal_msp.o
      2612          0          0          0          0       7563   stm32f4xx_hal_rcc.o
        34          0          0          0          0       1014   stm32f4xx_it.o
        18          0         24          4          0       2513   system_stm32f4xx.o

    ----------------------------------------------------------------------
     30074        388       4220       2300       1700     132950   Object Totals
         0          0         32          0          0          0   (incl. Generated)
       104          0          4          6         11          0   (incl. Padding)

    ----------------------------------------------------------------------

      Code (inc. data)   RO Data    RW Data    ZI Data      Debug   Library Member Name

        58          0          0          0          0          0   __dczerorl.o
         8          0          0          0          0         68   __main.o
         0          0          0          0          0          0   __rtentry.o
        12          0          0          0          0          0   __rtentry2.o
         6          0          0          0          0          0   __rtentry4.o
        52          8          0          0          0          0   __scatter.o
        28          0          0          0          0          0   __scatter_zi.o
        22          0          0          0          0        100   _rserrno.o
        18          0          0          0          0         80   exit.o
         6          0          0          0          0        152   heapauxi.o
         0          0          0          0          0          0   indicate_semi.o
         8          0          0          0          0         68   labs.o
         2          0          0          0          0          0   libinit.o
         6          0          0          0          0          0   libinit2.o
         2          0          0          0          0          0   libshutdown.o
         2          0          0          0          0          0   libshutdown2.o
         8          4          0          0         96         68   libspace.o
       116          0          0          0          0         84   llsdiv.o
       240          0          0          0          0        100   lludivv7m.o
        88          0          0          0          0         76   memcmp.o
         8          4          0          0          0         68   rt_errno_addr_intlibspace.o
        78          0          0          0          0         80   rt_memclr_w.o
       138          0          0          0          0         68   rt_memcpy_v6.o
       100          0          0          0          0         80   rt_memcpy_w.o
         2          0          0          0          0          0   rtexit.o
        10          0          0          0          0          0   rtexit2.o
        12          4          0          0          0         68   sys_exit.o
        74          0          0          0          0         80   sys_stackheap_outer.o
         2          0          0          0          0         68   use_no_semi.o
        24          0          0          0          0        164   basic.o
        98          4          0          0          0        140   d2f.o
       834         16          0          0          0        516   daddsub_clz.o
        16          4          0          0          0        116   dcheck1.o
        24          0          0          0          0        116   dcmpi.o
       692        140          0          0          0        264   ddiv.o
       120          4          0          0          0        140   deqf.o
        94          4          0          0          0        140   dfix.o
        46          0          0          0          0        116   dflt_clz.o
       120          4          0          0          0        140   dleqf.o
       340         12          0          0          0        152   dmul.o
       156          4          0          0          0        140   dnaninf.o
        12          0          0          0          0        116   dretinf.o
       108          0          0          0          0        128   drleqf.o
       408         56          0          0          0        168   dsqrt_umaal.o
        86          4          0          0          0        132   f2d.o
       140          4          0          0          0        132   fnaninf.o
        26          0          0          0          0        116   fpinit.o
        10          0          0          0          0        116   fretinf.o
       100          0          0          0          0        116   retnan.o
        92          0          0          0          0        116   scalbn.o
        48          0          0          0          0        116   trapv.o
         0          0          0          0          0          0   usenofp.o
       864         94         80          0          0        280   asin.o
       744        106        152          0          0        352   atan.o
       512         64          0          0          0        208   atan2.o
       184         44          0          0          0        744   dunder.o
        24          0          0          0          0        124   fabs.o
        48          0          0          0          0        124   fpclassify.o
       248          0          0          0          0        152   poly.o
      3168        296        136          0          0        352   pow.o
         0          0          8          0          0          0   qnan.o
       232          0          0          0          0        296   sqrt.o

    ----------------------------------------------------------------------
     10750        880        376          0         96       7340   Library Totals
        26          0          0          0          0          0   (incl. Padding)

    ----------------------------------------------------------------------

      Code (inc. data)   RO Data    RW Data    ZI Data      Debug   Library Name

      1106         20          0          0         96       1308   c_w.l
      3594        256          0          0          0       3400   fz_wm.l
      6024        604        376          0          0       2632   m_wm.l

    ----------------------------------------------------------------------
     10750        880        376          0         96       7340   Library Totals

    ----------------------------------------------------------------------

==============================================================================


      Code (inc. data)   RO Data    RW Data    ZI Data      Debug   

     40824       1268       4596       2300       1796     135546   Grand Totals
     40824       1268       4596         48       1796     135546   ELF Image Totals (compressed)
     40824       1268       4596         48          0          0   ROM Totals

==============================================================================

    Total RO  Size (Code + RO Data)                45420 (  44.36kB)
    Total RW  Size (RW Data + ZI Data)              4096 (   4.00kB)
    Total ROM Size (Code + RO Data + RW Data)      45468 (  44.40kB)

==============================================================================

